Component: ARM Compiler 5.06 update 6 (build 750) Tool: armlink [4d35ed]

==============================================================================

Section Cross References

    startup_stm32h745xx_cm7.o(STACK) refers (Special) to heapauxi.o(.text) for __use_two_region_memory
    startup_stm32h745xx_cm7.o(HEAP) refers (Special) to heapauxi.o(.text) for __use_two_region_memory
    startup_stm32h745xx_cm7.o(RESET) refers (Special) to heapauxi.o(.text) for __use_two_region_memory
    startup_stm32h745xx_cm7.o(RESET) refers to startup_stm32h745xx_cm7.o(STACK) for __initial_sp
    startup_stm32h745xx_cm7.o(RESET) refers to startup_stm32h745xx_cm7.o(.text) for Reset_Handler
    startup_stm32h745xx_cm7.o(RESET) refers to stm32h7xx_it.o(i.NMI_Handler) for NMI_Handler
    startup_stm32h745xx_cm7.o(RESET) refers to stm32h7xx_it.o(i.HardFault_Handler) for HardFault_Handler
    startup_stm32h745xx_cm7.o(RESET) refers to stm32h7xx_it.o(i.MemManage_Handler) for MemManage_Handler
    startup_stm32h745xx_cm7.o(RESET) refers to stm32h7xx_it.o(i.BusFault_Handler) for BusFault_Handler
    startup_stm32h745xx_cm7.o(RESET) refers to stm32h7xx_it.o(i.UsageFault_Handler) for UsageFault_Handler
    startup_stm32h745xx_cm7.o(RESET) refers to stm32h7xx_it.o(i.SVC_Handler) for SVC_Handler
    startup_stm32h745xx_cm7.o(RESET) refers to stm32h7xx_it.o(i.DebugMon_Handler) for DebugMon_Handler
    startup_stm32h745xx_cm7.o(RESET) refers to stm32h7xx_it.o(i.PendSV_Handler) for PendSV_Handler
    startup_stm32h745xx_cm7.o(RESET) refers to stm32h7xx_it.o(i.SysTick_Handler) for SysTick_Handler
    startup_stm32h745xx_cm7.o(.text) refers (Special) to heapauxi.o(.text) for __use_two_region_memory
    startup_stm32h745xx_cm7.o(.text) refers to system_stm32h7xx_dualcore_boot_cm4_cm7.o(i.SystemInit) for SystemInit
    startup_stm32h745xx_cm7.o(.text) refers to __main.o(!!!main) for __main
    startup_stm32h745xx_cm7.o(.text) refers to startup_stm32h745xx_cm7.o(HEAP) for Heap_Mem
    startup_stm32h745xx_cm7.o(.text) refers to startup_stm32h745xx_cm7.o(STACK) for Stack_Mem
    fatfs.o(i.MX_FATFS_Init) refers to ff_gen_drv.o(i.FATFS_LinkDriver) for FATFS_LinkDriver
    fatfs.o(i.MX_FATFS_Init) refers to fatfs.o(.data) for .data
    fatfs.o(i.MX_FATFS_Init) refers to sd_diskio.o(.constdata) for SD_Driver
    bsp_driver_sd.o(i.BSP_SD_Erase) refers to stm32h7xx_hal_sd.o(i.HAL_SD_Erase) for HAL_SD_Erase
    bsp_driver_sd.o(i.BSP_SD_Erase) refers to main.o(.bss) for hsd1
    bsp_driver_sd.o(i.BSP_SD_GetCardInfo) refers to stm32h7xx_hal_sd.o(i.HAL_SD_GetCardInfo) for HAL_SD_GetCardInfo
    bsp_driver_sd.o(i.BSP_SD_GetCardInfo) refers to main.o(.bss) for hsd1
    bsp_driver_sd.o(i.BSP_SD_GetCardState) refers to stm32h7xx_hal_sd.o(i.HAL_SD_GetCardState) for HAL_SD_GetCardState
    bsp_driver_sd.o(i.BSP_SD_GetCardState) refers to main.o(.bss) for hsd1
    bsp_driver_sd.o(i.BSP_SD_Init) refers to bsp_driver_sd.o(i.BSP_SD_IsDetected) for BSP_SD_IsDetected
    bsp_driver_sd.o(i.BSP_SD_Init) refers to stm32h7xx_hal_sd.o(i.HAL_SD_Init) for HAL_SD_Init
    bsp_driver_sd.o(i.BSP_SD_Init) refers to stm32h7xx_hal_sd.o(i.HAL_SD_ConfigWideBusOperation) for HAL_SD_ConfigWideBusOperation
    bsp_driver_sd.o(i.BSP_SD_Init) refers to main.o(.bss) for hsd1
    bsp_driver_sd.o(i.BSP_SD_ReadBlocks) refers to stm32h7xx_hal_sd.o(i.HAL_SD_ReadBlocks) for HAL_SD_ReadBlocks
    bsp_driver_sd.o(i.BSP_SD_ReadBlocks) refers to main.o(.bss) for hsd1
    bsp_driver_sd.o(i.BSP_SD_ReadBlocks_DMA) refers to stm32h7xx_hal_sd.o(i.HAL_SD_ReadBlocks_DMA) for HAL_SD_ReadBlocks_DMA
    bsp_driver_sd.o(i.BSP_SD_ReadBlocks_DMA) refers to main.o(.bss) for hsd1
    bsp_driver_sd.o(i.BSP_SD_WriteBlocks) refers to stm32h7xx_hal_sd.o(i.HAL_SD_WriteBlocks) for HAL_SD_WriteBlocks
    bsp_driver_sd.o(i.BSP_SD_WriteBlocks) refers to main.o(.bss) for hsd1
    bsp_driver_sd.o(i.BSP_SD_WriteBlocks_DMA) refers to stm32h7xx_hal_sd.o(i.HAL_SD_WriteBlocks_DMA) for HAL_SD_WriteBlocks_DMA
    bsp_driver_sd.o(i.BSP_SD_WriteBlocks_DMA) refers to main.o(.bss) for hsd1
    bsp_driver_sd.o(i.HAL_SD_AbortCallback) refers to bsp_driver_sd.o(i.BSP_SD_AbortCallback) for BSP_SD_AbortCallback
    bsp_driver_sd.o(i.HAL_SD_RxCpltCallback) refers to bsp_driver_sd.o(i.BSP_SD_ReadCpltCallback) for BSP_SD_ReadCpltCallback
    bsp_driver_sd.o(i.HAL_SD_TxCpltCallback) refers to bsp_driver_sd.o(i.BSP_SD_WriteCpltCallback) for BSP_SD_WriteCpltCallback
    sd_diskio.o(i.SD_CheckStatus) refers to bsp_driver_sd.o(i.BSP_SD_GetCardState) for BSP_SD_GetCardState
    sd_diskio.o(i.SD_CheckStatus) refers to sd_diskio.o(.data) for .data
    sd_diskio.o(i.SD_initialize) refers to bsp_driver_sd.o(i.BSP_SD_Init) for BSP_SD_Init
    sd_diskio.o(i.SD_initialize) refers to sd_diskio.o(i.SD_CheckStatus) for SD_CheckStatus
    sd_diskio.o(i.SD_initialize) refers to sd_diskio.o(.data) for .data
    sd_diskio.o(i.SD_ioctl) refers to bsp_driver_sd.o(i.BSP_SD_GetCardInfo) for BSP_SD_GetCardInfo
[...]
    i.HAL_SD_GetCardCSD                      0x080023b8   Section        0  stm32h7xx_hal_sd.o(i.HAL_SD_GetCardCSD)
    i.HAL_SD_GetCardInfo                     0x08002574   Section        0  stm32h7xx_hal_sd.o(i.HAL_SD_GetCardInfo)
    i.HAL_SD_GetCardState                    0x08002598   Section        0  stm32h7xx_hal_sd.o(i.HAL_SD_GetCardState)
    i.HAL_SD_GetCardStatus                   0x080025c4   Section        0  stm32h7xx_hal_sd.o(i.HAL_SD_GetCardStatus)
    i.HAL_SD_Init                            0x08002684   Section        0  stm32h7xx_hal_sd.o(i.HAL_SD_Init)
    i.HAL_SD_InitCard                        0x08002728   Section        0  stm32h7xx_hal_sd.o(i.HAL_SD_InitCard)
    i.HAL_SD_MspInit                         0x080027d0   Section        0  stm32h7xx_hal_msp.o(i.HAL_SD_MspInit)
    i.HAL_SD_ReadBlocks                      0x08002858   Section        0  stm32h7xx_hal_sd.o(i.HAL_SD_ReadBlocks)
    i.HAL_SD_WriteBlocks                     0x08002a1c   Section        0  stm32h7xx_hal_sd.o(i.HAL_SD_WriteBlocks)
    i.HAL_SYSTICK_Config                     0x08002bf8   Section        0  stm32h7xx_hal_cortex.o(i.HAL_SYSTICK_Config)
    i.HAL_UARTEx_DisableFifoMode             0x08002c1e   Section        0  stm32h7xx_hal_uart_ex.o(i.HAL_UARTEx_DisableFifoMode)
    i.HAL_UARTEx_SetRxFifoThreshold          0x08002c5e   Section        0  stm32h7xx_hal_uart_ex.o(i.HAL_UARTEx_SetRxFifoThreshold)
    i.HAL_UARTEx_SetTxFifoThreshold          0x08002caa   Section        0  stm32h7xx_hal_uart_ex.o(i.HAL_UARTEx_SetTxFifoThreshold)
    i.HAL_UART_Init                          0x08002cf6   Section        0  stm32h7xx_hal_uart.o(i.HAL_UART_Init)
    i.HAL_UART_MspInit                       0x08002d60   Section        0  stm32h7xx_hal_msp.o(i.HAL_UART_MspInit)
    i.HardFault_Handler                      0x08002dc8   Section        0  stm32h7xx_it.o(i.HardFault_Handler)
    i.MX_FATFS_Init                          0x08002dcc   Section        0  fatfs.o(i.MX_FATFS_Init)
    i.MX_GPIO_Init                           0x08002de8   Section        0  main.o(i.MX_GPIO_Init)
    MX_GPIO_Init                             0x08002de9   Thumb Code   228  main.o(i.MX_GPIO_Init)
    i.MX_USART3_UART_Init                    0x08002ee0   Section        0  main.o(i.MX_USART3_UART_Init)
    MX_USART3_UART_Init                      0x08002ee1   Thumb Code    66  main.o(i.MX_USART3_UART_Init)
    i.MemManage_Handler                      0x08002f2c   Section        0  stm32h7xx_it.o(i.MemManage_Handler)
    i.NMI_Handler                            0x08002f2e   Section        0  stm32h7xx_it.o(i.NMI_Handler)
    i.PendSV_Handler                         0x08002f30   Section        0  stm32h7xx_it.o(i.PendSV_Handler)
    i.RCCEx_PLL2_Config                      0x08002f34   Section        0  stm32h7xx_hal_rcc_ex.o(i.RCCEx_PLL2_Config)
    RCCEx_PLL2_Config                        0x08002f35   Thumb Code   284  stm32h7xx_hal_rcc_ex.o(i.RCCEx_PLL2_Config)
    i.RCCEx_PLL3_Config                      0x08003054   Section        0  stm32h7xx_hal_rcc_ex.o(i.RCCEx_PLL3_Config)
    RCCEx_PLL3_Config                        0x08003055   Thumb Code   284  stm32h7xx_hal_rcc_ex.o(i.RCCEx_PLL3_Config)
    i.SDMMC_CmdAppCommand                    0x08003174   Section        0  stm32h7xx_ll_sdmmc.o(i.SDMMC_CmdAppCommand)
    i.SDMMC_CmdAppOperCommand                0x080031a8   Section        0  stm32h7xx_ll_sdmmc.o(i.SDMMC_CmdAppOperCommand)
    i.SDMMC_CmdBlockLength                   0x080031d6   Section        0  stm32h7xx_ll_sdmmc.o(i.SDMMC_CmdBlockLength)
    i.SDMMC_CmdBusWidth                      0x08003208   Section        0  stm32h7xx_ll_sdmmc.o(i.SDMMC_CmdBusWidth)
    i.SDMMC_CmdGoIdleState                   0x0800323c   Section        0  stm32h7xx_ll_sdmmc.o(i.SDMMC_CmdGoIdleState)
    i.SDMMC_CmdOperCond                      0x08003290   Section        0  stm32h7xx_ll_sdmmc.o(i.SDMMC_CmdOperCond)
    i.SDMMC_CmdReadMultiBlock                0x08003304   Section        0  stm32h7xx_ll_sdmmc.o(i.SDMMC_CmdReadMultiBlock)
    i.SDMMC_CmdReadSingleBlock               0x08003338   Section        0  stm32h7xx_ll_sdmmc.o(i.SDMMC_CmdReadSingleBlock)
    i.SDMMC_CmdSelDesel                      0x0800336c   Section        0  stm32h7xx_ll_sdmmc.o(i.SDMMC_CmdSelDesel)
    i.SDMMC_CmdSendCID                       0x0800339e   Section        0  stm32h7xx_ll_sdmmc.o(i.SDMMC_CmdSendCID)
    i.SDMMC_CmdSendCSD                       0x080033ca   Section        0  stm32h7xx_ll_sdmmc.o(i.SDMMC_CmdSendCSD)
    i.SDMMC_CmdSendSCR                       0x080033fa   Section        0  stm32h7xx_ll_sdmmc.o(i.SDMMC_CmdSendSCR)
    i.SDMMC_CmdSendStatus                    0x0800342c   Section        0  stm32h7xx_ll_sdmmc.o(i.SDMMC_CmdSendStatus)
    i.SDMMC_CmdSetRelAdd                     0x08003460   Section        0  stm32h7xx_ll_sdmmc.o(i.SDMMC_CmdSetRelAdd)
    i.SDMMC_CmdStatusRegister                0x08003492   Section        0  stm32h7xx_ll_sdmmc.o(i.SDMMC_CmdStatusRegister)
    i.SDMMC_CmdStopTransfer                  0x080034c4   Section        0  stm32h7xx_ll_sdmmc.o(i.SDMMC_CmdStopTransfer)
    i.SDMMC_CmdVoltageSwitch                 0x08003518   Section        0  stm32h7xx_ll_sdmmc.o(i.SDMMC_CmdVoltageSwitch)
    i.SDMMC_CmdWriteMultiBlock               0x0800354a   Section        0  stm32h7xx_ll_sdmmc.o(i.SDMMC_CmdWriteMultiBlock)
    i.SDMMC_CmdWriteSingleBlock              0x0800357e   Section        0  stm32h7xx_ll_sdmmc.o(i.SDMMC_CmdWriteSingleBlock)
    i.SDMMC_ConfigData                       0x080035b2   Section        0  stm32h7xx_ll_sdmmc.o(i.SDMMC_ConfigData)
    i.SDMMC_GetCmdResp1                      0x080035d8   Section        0  stm32h7xx_ll_sdmmc.o(i.SDMMC_GetCmdResp1)
    SDMMC_GetCmdResp1                        0x080035d9   Thumb Code   280  stm32h7xx_ll_sdmmc.o(i.SDMMC_GetCmdResp1)
    i.SDMMC_GetCmdResp2                      0x080036fc   Section        0  stm32h7xx_ll_sdmmc.o(i.SDMMC_GetCmdResp2)
    SDMMC_GetCmdResp2                        0x080036fd   Thumb Code    76  stm32h7xx_ll_sdmmc.o(i.SDMMC_GetCmdResp2)
    i.SDMMC_GetCmdResp3                      0x08003750   Section        0  stm32h7xx_ll_sdmmc.o(i.SDMMC_GetCmdResp3)
    SDMMC_GetCmdResp3                        0x08003751   Thumb Code    62  stm32h7xx_ll_sdmmc.o(i.SDMMC_GetCmdResp3)
    i.SDMMC_GetCmdResp6                      0x08003798   Section        0  stm32h7xx_ll_sdmmc.o(i.SDMMC_GetCmdResp6)
    SDMMC_GetCmdResp6                        0x08003799   Thumb Code   130  stm32h7xx_ll_sdmmc.o(i.SDMMC_GetCmdResp6)
    i.SDMMC_GetPowerState                    0x08003824   Section        0  stm32h7xx_ll_sdmmc.o(i.SDMMC_GetPowerState)
    i.SDMMC_GetResponse                      0x0800382c   Section        0  stm32h7xx_ll_sdmmc.o(i.SDMMC_GetResponse)
    i.SDMMC_Init                             0x08003834   Section        0  stm32h7xx_ll_sdmmc.o(i.SDMMC_Init)
    i.SDMMC_PowerState_ON                    0x08003854   Section        0  stm32h7xx_ll_sdmmc.o(i.SDMMC_PowerState_ON)
    i.SDMMC_ReadFIFO                         0x08003860   Section        0  stm32h7xx_ll_sdmmc.o(i.SDMMC_ReadFIFO)
    i.SDMMC_SendCommand                      0x08003868   Section        0  stm32h7xx_ll_sdmmc.o(i.SDMMC_SendCommand)
    i.SDMMC_WriteFIFO                        0x08003890   Section        0  stm32h7xx_ll_sdmmc.o(i.SDMMC_WriteFIFO)
    i.SD_CheckStatus                         0x0800389c   Section        0  sd_diskio.o(i.SD_CheckStatus)
    SD_CheckStatus                           0x0800389d   Thumb Code    26  sd_diskio.o(i.SD_CheckStatus)
    i.SD_FindSCR                             0x080038bc   Section        0  stm32h7xx_hal_sd.o(i.SD_FindSCR)
    SD_FindSCR                               0x080038bd   Thumb Code   224  stm32h7xx_hal_sd.o(i.SD_FindSCR)
    i.SD_InitCard                            0x080039a0   Section        0  stm32h7xx_hal_sd.o(i.SD_InitCard)
    SD_InitCard                              0x080039a1   Thumb Code   212  stm32h7xx_hal_sd.o(i.SD_InitCard)
    i.SD_PowerON                             0x08003a74   Section        0  stm32h7xx_hal_sd.o(i.SD_PowerON)
    SD_PowerON                               0x08003a75   Thumb Code   320  stm32h7xx_hal_sd.o(i.SD_PowerON)
    i.SD_SendSDStatus                        0x08003bb8   Section        0  stm32h7xx_hal_sd.o(i.SD_SendSDStatus)
    SD_SendSDStatus                          0x08003bb9   Thumb Code   222  stm32h7xx_hal_sd.o(i.SD_SendSDStatus)
    i.SD_initialize                          0x08003c9c   Section        0  sd_diskio.o(i.SD_initialize)
    i.SD_ioctl                               0x08003cbc   Section        0  sd_diskio.o(i.SD_ioctl)
    i.SD_read                                0x08003d14   Section        0  sd_diskio.o(i.SD_read)
    i.SD_status                              0x08003d3a   Section        0  sd_diskio.o(i.SD_status)
    i.SD_write                               0x08003d40   Section        0  sd_diskio.o(i.SD_write)
    i.SVC_Handler                            0x08003d66   Section        0  stm32h7xx_it.o(i.SVC_Handler)
    i.SysTick_Handler                        0x08003d68   Section        0  stm32h7xx_it.o(i.SysTick_Handler)
    i.SystemClock_Config                     0x08003d6c   Section        0  main.o(i.SystemClock_Config)
    i.SystemInit                             0x08003e1c   Section        0  system_stm32h7xx_dualcore_boot_cm4_cm7.o(i.SystemInit)
    i.UARTEx_SetNbDataToProcess              0x08003f1c   Section        0  stm32h7xx_hal_uart_ex.o(i.UARTEx_SetNbDataToProcess)
    UARTEx_SetNbDataToProcess                0x08003f1d   Thumb Code    82  stm32h7xx_hal_uart_ex.o(i.UARTEx_SetNbDataToProcess)
    i.UART_AdvFeatureConfig                  0x08003f80   Section        0  stm32h7xx_hal_uart.o(i.UART_AdvFeatureConfig)
    i.UART_CheckIdleState                    0x08004048   Section        0  stm32h7xx_hal_uart.o(i.UART_CheckIdleState)
    i.UART_SetConfig                         0x080040a8   Section        0  stm32h7xx_hal_uart.o(i.UART_SetConfig)
    i.UART_WaitOnFlagUntilTimeout            0x08004458   Section        0  stm32h7xx_hal_uart.o(i.UART_WaitOnFlagUntilTimeout)
    i.UsageFault_Handler                     0x080044fc   Section        0  stm32h7xx_it.o(i.UsageFault_Handler)
    i.__NVIC_SetPriority                     0x080044fe   Section        0  stm32h7xx_hal_cortex.o(i.__NVIC_SetPriority)
    __NVIC_SetPriority                       0x080044ff   Thumb Code    34  stm32h7xx_hal_cortex.o(i.__NVIC_SetPriority)
    i.check_fs                               0x08004520   Section        0  ff.o(i.check_fs)
    check_fs                                 0x08004521   Thumb Code   102  ff.o(i.check_fs)
    i.chk_lock                               0x08004590   Section        0  ff.o(i.chk_lock)
    chk_lock                                 0x08004591   Thumb Code    86  ff.o(i.chk_lock)
    i.clear_lock                             0x080045ec   Section        0  ff.o(i.clear_lock)
    clear_lock                               0x080045ed   Thumb Code    28  ff.o(i.clear_lock)
    i.clmt_clust                             0x0800460c   Section        0  ff.o(i.clmt_clust)
    clmt_clust                               0x0800460d   Thumb Code    36  ff.o(i.clmt_clust)
    i.clust2sect                             0x08004630   Section        0  ff.o(i.clust2sect)
    clust2sect                               0x08004631   Thumb Code    24  ff.o(i.clust2sect)
    i.create_chain                           0x08004648   Section        0  ff.o(i.create_chain)
    create_chain                             0x08004649   Thumb Code   166  ff.o(i.create_chain)
    i.create_name                            0x080046f0   Section        0  ff.o(i.create_name)
    create_name                              0x080046f1   Thumb Code   168  ff.o(i.create_name)
    i.dec_lock                               0x080047ac   Section        0  ff.o(i.dec_lock)
    dec_lock                                 0x080047ad   Thumb Code    48  ff.o(i.dec_lock)
    i.dir_find                               0x080047e0   Section        0  ff.o(i.dir_find)
    dir_find                                 0x080047e1   Thumb Code   102  ff.o(i.dir_find)
    i.dir_next                               0x08004848   Section        0  ff.o(i.dir_next)
    dir_next                                 0x08004849   Thumb Code   244  ff.o(i.dir_next)
    i.dir_register                           0x0800493c   Section        0  ff.o(i.dir_register)
    dir_register                             0x0800493d   Thumb Code   102  ff.o(i.dir_register)
    i.dir_sdi                                0x080049a2   Section        0  ff.o(i.dir_sdi)
    dir_sdi                                  0x080049a3   Thumb Code   130  ff.o(i.dir_sdi)
    i.disk_initialize                        0x08004a24   Section        0  diskio.o(i.disk_initialize)
    i.disk_ioctl                             0x08004a4c   Section        0  diskio.o(i.disk_ioctl)
    i.disk_read                              0x08004a64   Section        0  diskio.o(i.disk_read)
    i.disk_status                            0x08004a80   Section        0  diskio.o(i.disk_status)
    i.disk_write                             0x08004a94   Section        0  diskio.o(i.disk_write)
    i.f_close                                0x08004ab0   Section        0  ff.o(i.f_close)
    i.f_mount                                0x08004ad8   Section        0  ff.o(i.f_mount)
    i.f_open                                 0x08004b30   Section        0  ff.o(i.f_open)
    i.f_sync                                 0x08004d40   Section        0  ff.o(i.f_sync)
    i.f_write                                0x08004dce   Section        0  ff.o(i.f_write)
    i.find_volume                            0x08004f5c   Section        0  ff.o(i.find_volume)
    find_volume                              0x08004f5d   Thumb Code   586  ff.o(i.find_volume)
    i.follow_path                            0x080051b4   Section        0  ff.o(i.follow_path)
    follow_path                              0x080051b5   Thumb Code   116  ff.o(i.follow_path)
    i.get_fat                                0x08005228   Section        0  ff.o(i.get_fat)
    get_fat                                  0x08005229   Thumb Code   190  ff.o(i.get_fat)
    i.get_fattime                            0x080052e6   Section        0  fatfs.o(i.get_fattime)
    i.get_ldnumber                           0x080052ea   Section        0  ff.o(i.get_ldnumber)
    get_ldnumber                             0x080052eb   Thumb Code    60  ff.o(i.get_ldnumber)
    i.inc_lock                               0x08005328   Section        0  ff.o(i.inc_lock)
    inc_lock                                 0x08005329   Thumb Code   124  ff.o(i.inc_lock)
    i.ld_clust                               0x080053a8   Section        0  ff.o(i.ld_clust)
    ld_clust                                 0x080053a9   Thumb Code    38  ff.o(i.ld_clust)
    i.ld_dword                               0x080053ce   Section        0  ff.o(i.ld_dword)
    ld_dword                                 0x080053cf   Thumb Code    22  ff.o(i.ld_dword)
    i.ld_word                                0x080053e4   Section        0  ff.o(i.ld_word)
    ld_word                                  0x080053e5   Thumb Code    10  ff.o(i.ld_word)
    i.main                                   0x080053f0   Section        0  main.o(i.main)
    i.mem_cpy                                0x080054f4   Section        0  ff.o(i.mem_cpy)
    mem_cpy                                  0x080054f5   Thumb Code    18  ff.o(i.mem_cpy)
    i.mem_set                                0x08005508   Section        0  ff.o(i.mem_set)
    mem_set                                  0x08005509   Thumb Code    14  ff.o(i.mem_set)
    i.move_window                            0x08005516   Section        0  ff.o(i.move_window)
    move_window                              0x08005517   Thumb Code    50  ff.o(i.move_window)
    i.put_fat                                0x08005548   Section        0  ff.o(i.put_fat)
    put_fat                                  0x08005549   Thumb Code   240  ff.o(i.put_fat)
    i.remove_chain                           0x08005638   Section        0  ff.o(i.remove_chain)
    remove_chain                             0x08005639   Thumb Code   116  ff.o(i.remove_chain)
    i.st_clust                               0x080056ac   Section        0  ff.o(i.st_clust)
    st_clust                                 0x080056ad   Thumb Code    40  ff.o(i.st_clust)
    i.st_dword                               0x080056d4   Section        0  ff.o(i.st_dword)
    st_dword                                 0x080056d5   Thumb Code    16  ff.o(i.st_dword)
    i.st_word                                0x080056e4   Section        0  ff.o(i.st_word)
    st_word                                  0x080056e5   Thumb Code     8  ff.o(i.st_word)
    i.sync_fs                                0x080056ec   Section        0  ff.o(i.sync_fs)
    sync_fs                                  0x080056ed   Thumb Code   126  ff.o(i.sync_fs)
    i.sync_window                            0x08005774   Section        0  ff.o(i.sync_window)
    sync_window                              0x08005775   Thumb Code    82  ff.o(i.sync_window)
    i.validate                               0x080057c6   Section        0  ff.o(i.validate)
    validate                                 0x080057c7   Thumb Code    52  ff.o(i.validate)
    x$fpl$fpinit                             0x080057fa   Section       10  fpinit.o(x$fpl$fpinit)
    $v0                                      0x080057fa   Number         0  fpinit.o(x$fpl$fpinit)
    .constdata                               0x08005804   Section       20  sd_diskio.o(.constdata)
    .constdata                               0x08005818   Section       24  stm32h7xx_hal_uart.o(.constdata)
    .constdata                               0x08005830   Section       16  system_stm32h7xx_dualcore_boot_cm4_cm7.o(.constdata)
    .constdata                               0x08005840   Section      156  ff.o(.constdata)
    ExCvt                                    0x08005840   Data         128  ff.o(.constdata)
    cst                                      0x080058c0   Data          14  ff.o(.constdata)
    cst32                                    0x080058ce   Data          14  ff.o(.constdata)
    .data                                    0x20000000   Section        5  fatfs.o(.data)
    .data                                    0x20000005   Section        1  sd_diskio.o(.data)
    Stat                                     0x20000005   Data           1  sd_diskio.o(.data)
    .data                                    0x20000008   Section        4  main.o(.data)
    .data                                    0x2000000c   Section       12  stm32h7xx_hal.o(.data)
    .data                                    0x20000018   Section        8  system_stm32h7xx_dualcore_boot_cm4_cm7.o(.data)
    .data                                    0x20000020   Section        8  ff.o(.data)
    Fsid                                     0x20000020   Data           2  ff.o(.data)
    FatFs                                    0x20000024   Data           4  ff.o(.data)
    .bss                                     0x20000028   Section      560  fatfs.o(.bss)
    .bss                                     0x20000258   Section      828  main.o(.bss)
    .bss                                     0x20000594   Section       32  ff.o(.bss)
    Files                                    0x20000594   Data          32  ff.o(.bss)
    .bss                                     0x200005b4   Section       12  ff_gen_drv.o(.bss)
    .bss                                     0x200005c0   Section       96  libspace.o(.bss)
    HEAP                                     0x20000620   Section     8192  startup_stm32h745xx_cm7.o(HEAP)
    Heap_Mem                                 0x20000620   Data        8192  startup_stm32h745xx_cm7.o(HEAP)
    STACK                                    0x20002620   Section    16384  startup_stm32h745xx_cm7.o(STACK)
    Stack_Mem                                0x20002620   Data       16384  startup_stm32h745xx_cm7.o(STACK)
    __initial_sp                             0x20006620   Data           0  startup_stm32h745xx_cm7.o(STACK)

    Global Symbols

    Symbol Name                              Value     Ov Type        Size  Object(Section)

    BuildAttributes$$THM_ISAv4$E$P$D$K$B$S$7EM$VFPv5_D16$PE$PLD8$A:L22UL41UL21$X:L11$S22US41US21$IEEE1$IW$USESV6$~STKCKD$USESV7$~SHL$OSPACE$ROPI$EBA8$UX$STANDARDLIB$REQ8$PRES8$EABIv2 0x00000000   Number         0  anon$$obj.o ABSOLUTE
    __ARM_use_no_argv                        0x00000000   Number         0  main.o ABSOLUTE
    __ARM_exceptions_init                     - Undefined Weak Reference
    __alloca_initialize                       - Undefined Weak Reference
    __arm_preinit_                            - Undefined Weak Reference
    __cpp_initialize__aeabi_                  - Undefined Weak Reference
    __cxa_finalize                            - Undefined Weak Reference
    __rt_locale                               - Undefined Weak Reference
    __sigvec_lookup                           - Undefined Weak Reference
    _atexit_init                              - Undefined Weak Reference
    _call_atexit_fns                          - Undefined Weak Reference
    _clock_init                               - Undefined Weak Reference
    _fp_trap_init                             - Undefined Weak Reference
    _fp_trap_shutdown                         - Undefined Weak Reference
    _get_lc_collate                           - Undefined Weak Reference
    _get_lc_ctype                             - Undefined Weak Reference
    _get_lc_monetary                          - Undefined Weak Reference
    _get_lc_numeric                           - Undefined Weak Reference
    _get_lc_time                              - Undefined Weak Reference
    _getenv_init                              - Undefined Weak Reference
    _handle_redirection                       - Undefined Weak Reference
    _init_alloc                               - Undefined Weak Reference
    _init_user_alloc                          - Undefined Weak Reference
    _initio                                   - Undefined Weak Reference
    _rand_init                                - Undefined Weak Reference
    _signal_finish                            - Undefined Weak Reference
    _signal_init                              - Undefined Weak Reference
    _terminate_alloc                          - Undefined Weak Reference
    _terminate_user_alloc                     - Undefined Weak Reference
    _terminateio                              - Undefined Weak Reference
    __Vectors_Size                           0x00000298   Number         0  startup_stm32h745xx_cm7.o ABSOLUTE
    __Vectors                                0x08000000   Data           4  startup_stm32h745xx_cm7.o(RESET)
    __Vectors_End                            0x08000298   Data           0  startup_stm32h745xx_cm7.o(RESET)
    __main                                   0x08000299   Thumb Code     8  __main.o(!!!main)
    __scatterload                            0x080002a1   Thumb Code     0  __scatter.o(!!!scatter)
    __scatterload_rt2                        0x080002a1   Thumb Code    44  __scatter.o(!!!scatter)
    __scatterload_rt2_thumb_only             0x080002a1   Thumb Code     0  __scatter.o(!!!scatter)
    __scatterload_null                       0x080002af   Thumb Code     0  __scatter.o(!!!scatter)
    __scatterload_copy                       0x080002d5   Thumb Code    26  __scatter_copy.o(!!handler_copy)
    __scatterload_zeroinit                   0x080002f1   Thumb Code    28  __scatter_zi.o(!!handler_zi)
    __rt_lib_init                            0x0800030d   Thumb Code     0  libinit.o(.ARM.Collect$$libinit$$00000000)
    __rt_lib_init_fp_1                       0x0800030f   Thumb Code     0  libinit2.o(.ARM.Collect$$libinit$$00000001)
    __rt_lib_init_alloca_1                   0x08000313   Thumb Code     0  libinit2.o(.ARM.Collect$$libinit$$0000002E)
    __rt_lib_init_argv_1                     0x08000313   Thumb Code     0  libinit2.o(.ARM.Collect$$libinit$$0000002C)
    __rt_lib_init_atexit_1                   0x08000313   Thumb Code     0  libinit2.o(.ARM.Collect$$libinit$$0000001B)
    __rt_lib_init_clock_1                    0x08000313   Thumb Code     0  libinit2.o(.ARM.Collect$$libinit$$00000021)
    __rt_lib_init_cpp_1                      0x08000313   Thumb Code     0  libinit2.o(.ARM.Collect$$libinit$$00000032)
    __rt_lib_init_exceptions_1               0x08000313   Thumb Code     0  libinit2.o(.ARM.Collect$$libinit$$00000030)
    __rt_lib_init_fp_trap_1                  0x08000313   Thumb Code     0  libinit2.o(.ARM.Collect$$libinit$$0000001F)
    __rt_lib_init_getenv_1                   0x08000313   Thumb Code     0  libinit2.o(.ARM.Collect$$libinit$$00000023)
    __rt_lib_init_heap_1                     0x08000313   Thumb Code     0  libinit2.o(.ARM.Collect$$libinit$$0000000A)
    __rt_lib_init_lc_collate_1               0x08000313   Thumb Code     0  libinit2.o(.ARM.Collect$$libinit$$00000011)
    __rt_lib_init_lc_ctype_1                 0x08000313   Thumb Code     0  libinit2.o(.ARM.Collect$$libinit$$00000013)
    __rt_lib_init_lc_monetary_1              0x08000313   Thumb Code     0  libinit2.o(.ARM.Collect$$libinit$$00000015)
    __rt_lib_init_lc_numeric_1               0x08000313   Thumb Code     0  libinit2.o(.ARM.Collect$$libinit$$00000017)
    __rt_lib_init_lc_time_1                  0x08000313   Thumb Code     0  libinit2.o(.ARM.Collect$$libinit$$00000019)
    __rt_lib_init_preinit_1                  0x08000313   Thumb Code     0  libinit2.o(.ARM.Collect$$libinit$$00000004)
    __rt_lib_init_rand_1                     0x08000313   Thumb Code     0  libinit2.o(.ARM.Collect$$libinit$$0000000E)
    __rt_lib_init_return                     0x08000313   Thumb Code     0  libinit2.o(.ARM.Collect$$libinit$$00000033)
    __rt_lib_init_signal_1                   0x08000313   Thumb Code     0  libinit2.o(.ARM.Collect$$libinit$$0000001D)
    __rt_lib_init_stdio_1                    0x08000313   Thumb Code     0  libinit2.o(.ARM.Collect$$libinit$$00000025)
    __rt_lib_init_user_alloc_1               0x08000313   Thumb Code     0  libinit2.o(.ARM.Collect$$libinit$$0000000C)
    __rt_lib_shutdown                        0x08000315   Thumb Code     0  libshutdown.o(.ARM.Collect$$libshutdown$$00000000)
    __rt_lib_shutdown_cpp_1                  0x08000317   Thumb Code     0  libshutdown2.o(.ARM.Collect$$libshutdown$$00000002)
    __rt_lib_shutdown_fp_trap_1              0x08000317   Thumb Code     0  libshutdown2.o(.ARM.Collect$$libshutdown$$00000007)
    __rt_lib_shutdown_heap_1                 0x08000317   Thumb Code     0  libshutdown2.o(.ARM.Collect$$libshutdown$$0000000F)
    __rt_lib_shutdown_return                 0x08000317   Thumb Code     0  libshutdown2.o(.ARM.Collect$$libshutdown$$00000010)
    __rt_lib_shutdown_signal_1               0x08000317   Thumb Code     0  libshutdown2.o(.ARM.Collect$$libshutdown$$0000000A)
    __rt_lib_shutdown_stdio_1                0x08000317   Thumb Code     0  libshutdown2.o(.ARM.Collect$$libshutdown$$00000004)
    __rt_lib_shutdown_user_alloc_1           0x08000317   Thumb Code     0  libshutdown2.o(.ARM.Collect$$libshutdown$$0000000C)
    __rt_entry                               0x08000319   Thumb Code     0  __rtentry.o(.ARM.Collect$$rtentry$$00000000)
    __rt_entry_presh_1                       0x08000319   Thumb Code     0  __rtentry2.o(.ARM.Collect$$rtentry$$00000002)
    __rt_entry_sh                            0x08000319   Thumb Code     0  __rtentry4.o(.ARM.Collect$$rtentry$$00000004)
    __rt_entry_li                            0x0800031f   Thumb Code     0  __rtentry2.o(.ARM.Collect$$rtentry$$0000000A)
    __rt_entry_postsh_1                      0x0800031f   Thumb Code     0  __rtentry2.o(.ARM.Collect$$rtentry$$00000009)
    __rt_entry_main                          0x08000323   Thumb Code     0  __rtentry2.o(.ARM.Collect$$rtentry$$0000000D)
    __rt_entry_postli_1                      0x08000323   Thumb Code     0  __rtentry2.o(.ARM.Collect$$rtentry$$0000000C)
    __rt_exit                                0x0800032b   Thumb Code     0  rtexit.o(.ARM.Collect$$rtexit$$00000000)
    __rt_exit_ls                             0x0800032d   Thumb Code     0  rtexit2.o(.ARM.Collect$$rtexit$$00000003)
    __rt_exit_prels_1                        0x0800032d   Thumb Code     0  rtexit2.o(.ARM.Collect$$rtexit$$00000002)
    __rt_exit_exit                           0x08000331   Thumb Code     0  rtexit2.o(.ARM.Collect$$rtexit$$00000004)
    Reset_Handler                            0x08000339   Thumb Code     8  startup_stm32h745xx_cm7.o(.text)
    ADC3_IRQHandler                          0x08000353   Thumb Code     0  startup_stm32h745xx_cm7.o(.text)
    ADC_IRQHandler                           0x08000353   Thumb Code     0  startup_stm32h745xx_cm7.o(.text)
    BDMA_Channel0_IRQHandler                 0x08000353   Thumb Code     0  startup_stm32h745xx_cm7.o(.text)
    BDMA_Channel1_IRQHandler                 0x08000353   Thumb Code     0  startup_stm32h745xx_cm7.o(.text)
    BDMA_Channel2_IRQHandler                 0x08000353   Thumb Code     0  startup_stm32h745xx_cm7.o(.text)
    BDMA_Channel3_IRQHandler                 0x08000353   Thumb Code     0  startup_stm32h745xx_cm7.o(.text)
    BDMA_Channel4_IRQHandler                 0x08000353   Thumb Code     0  startup_stm32h745xx_cm7.o(.text)
    BDMA_Channel5_IRQHandler                 0x08000353   Thumb Code     0  startup_stm32h745xx_cm7.o(.text)
    BDMA_Channel6_IRQHandler                 0x08000353   Thumb Code     0  startup_stm32h745xx_cm7.o(.text)
    BDMA_Channel7_IRQHandler                 0x08000353   Thumb Code     0  startup_stm32h745xx_cm7.o(.text)
    CEC_IRQHandler                           0x08000353   Thumb Code     0  startup_stm32h745xx_cm7.o(.text)
    CM4_SEV_IRQHandler                       0x08000353   Thumb Code     0  startup_stm32h745xx_cm7.o(.text)
    CM7_SEV_IRQHandler                       0x08000353   Thumb Code     0  startup_stm32h745xx_cm7.o(.text)
    COMP1_IRQHandler                         0x08000353   Thumb Code     0  startup_stm32h745xx_cm7.o(.text)
    CRS_IRQHandler                           0x08000353   Thumb Code     0  startup_stm32h745xx_cm7.o(.text)
    DCMI_IRQHandler                          0x08000353   Thumb Code     0  startup_stm32h745xx_cm7.o(.text)
    DFSDM1_FLT0_IRQHandler                   0x08000353   Thumb Code     0  startup_stm32h745xx_cm7.o(.text)
    DFSDM1_FLT1_IRQHandler                   0x08000353   Thumb Code     0  startup_stm32h745xx_cm7.o(.text)
    DFSDM1_FLT2_IRQHandler                   0x08000353   Thumb Code     0  startup_stm32h745xx_cm7.o(.text)
    DFSDM1_FLT3_IRQHandler                   0x08000353   Thumb Code     0  startup_stm32h745xx_cm7.o(.text)
    DMA1_Stream0_IRQHandler                  0x08000353   Thumb Code     0  startup_stm32h745xx_cm7.o(.text)
    DMA1_Stream1_IRQHandler                  0x08000353   Thumb Code     0  startup_stm32h745xx_cm7.o(.text)
    DMA1_Stream2_IRQHandler                  0x08000353   Thumb Code     0  startup_stm32h745xx_cm7.o(.text)
    DMA1_Stream3_IRQHandler                  0x08000353   Thumb Code     0  startup_stm32h745xx_cm7.o(.text)
    DMA1_Stream4_IRQHandler                  0x08000353   Thumb Code     0  startup_stm32h745xx_cm7.o(.text)
    DMA1_Stream5_IRQHandler                  0x08000353   Thumb Code     0  startup_stm32h745xx_cm7.o(.text)
    DMA1_Stream6_IRQHandler                  0x08000353   Thumb Code     0  startup_stm32h745xx_cm7.o(.text)
    DMA1_Stream7_IRQHandler                  0x08000353   Thumb Code     0  startup_stm32h745xx_cm7.o(.text)
    DMA2D_IRQHandler                         0x08000353   Thumb Code     0  startup_stm32h745xx_cm7.o(.text)
    DMA2_Stream0_IRQHandler                  0x08000353   Thumb Code     0  startup_stm32h745xx_cm7.o(.text)
    DMA2_Stream1_IRQHandler                  0x08000353   Thumb Code     0  startup_stm32h745xx_cm7.o(.text)
    DMA2_Stream2_IRQHandler                  0x08000353   Thumb Code     0  startup_stm32h745xx_cm7.o(.text)
    DMA2_Stream3_IRQHandler                  0x08000353   Thumb Code     0  startup_stm32h745xx_cm7.o(.text)
    DMA2_Stream4_IRQHandler                  0x08000353   Thumb Code     0  startup_stm32h745xx_cm7.o(.text)
    DMA2_Stream5_IRQHandler                  0x08000353   Thumb Code     0  startup_stm32h745xx_cm7.o(.text)
    DMA2_Stream6_IRQHandler                  0x08000353   Thumb Code     0  startup_stm32h745xx_cm7.o(.text)
    DMA2_Stream7_IRQHandler                  0x08000353   Thumb Code     0  startup_stm32h745xx_cm7.o(.text)
    DMAMUX1_OVR_IRQHandler                   0x08000353   Thumb Code     0  startup_stm32h745xx_cm7.o(.text)
    DMAMUX2_OVR_IRQHandler                   0x08000353   Thumb Code     0  startup_stm32h745xx_cm7.o(.text)
    ECC_IRQHandler                           0x08000353   Thumb Code     0  startup_stm32h745xx_cm7.o(.text)
    ETH_IRQHandler                           0x08000353   Thumb Code     0  startup_stm32h745xx_cm7.o(.text)
    ETH_WKUP_IRQHandler                      0x08000353   Thumb Code     0  startup_stm32h745xx_cm7.o(.text)
    EXTI0_IRQHandler                         0x08000353   Thumb Code     0  startup_stm32h745xx_cm7.o(.text)
    EXTI15_10_IRQHandler                     0x08000353   Thumb Code     0  startup_stm32h745xx_cm7.o(.text)
    EXTI1_IRQHandler                         0x08000353   Thumb Code     0  startup_stm32h745xx_cm7.o(.text)
    EXTI2_IRQHandler                         0x08000353   Thumb Code     0  startup_stm32h745xx_cm7.o(.text)
    EXTI3_IRQHandler                         0x08000353   Thumb Code     0  startup_stm32h745xx_cm7.o(.text)
    EXTI4_IRQHandler                         0x08000353   Thumb Code     0  startup_stm32h745xx_cm7.o(.text)
    EXTI9_5_IRQHandler                       0x08000353   Thumb Code     0  startup_stm32h745xx_cm7.o(.text)
    FDCAN1_IT0_IRQHandler                    0x08000353   Thumb Code     0  startup_stm32h745xx_cm7.o(.text)
    FDCAN1_IT1_IRQHandler                    0x08000353   Thumb Code     0  startup_stm32h745xx_cm7.o(.text)
    FDCAN2_IT0_IRQHandler                    0x08000353   Thumb Code     0  startup_stm32h745xx_cm7.o(.text)
    FDCAN2_IT1_IRQHandler                    0x08000353   Thumb Code     0  startup_stm32h745xx_cm7.o(.text)
    FDCAN_CAL_IRQHandler                     0x08000353   Thumb Code     0  startup_stm32h745xx_cm7.o(.text)
    FLASH_IRQHandler                         0x08000353   Thumb Code     0  startup_stm32h745xx_cm7.o(.text)
    FMC_IRQHandler                           0x08000353   Thumb Code     0  startup_stm32h745xx_cm7.o(.text)
    FPU_IRQHandler                           0x08000353   Thumb Code     0  startup_stm32h745xx_cm7.o(.text)
    HOLD_CORE_IRQHandler                     0x08000353   Thumb Code     0  startup_stm32h745xx_cm7.o(.text)
    HRTIM1_FLT_IRQHandler                    0x08000353   Thumb Code     0  startup_stm32h745xx_cm7.o(.text)
    HRTIM1_Master_IRQHandler                 0x08000353   Thumb Code     0  startup_stm32h745xx_cm7.o(.text)
    HRTIM1_TIMA_IRQHandler                   0x08000353   Thumb Code     0  startup_stm32h745xx_cm7.o(.text)
    HRTIM1_TIMB_IRQHandler                   0x08000353   Thumb Code     0  startup_stm32h745xx_cm7.o(.text)
    HRTIM1_TIMC_IRQHandler                   0x08000353   Thumb Code     0  startup_stm32h745xx_cm7.o(.text)
    HRTIM1_TIMD_IRQHandler                   0x08000353   Thumb Code     0  startup_stm32h745xx_cm7.o(.text)
    HRTIM1_TIME_IRQHandler                   0x08000353   Thumb Code     0  startup_stm32h745xx_cm7.o(.text)
    HSEM1_IRQHandler                         0x08000353   Thumb Code     0  startup_stm32h745xx_cm7.o(.text)
    HSEM2_IRQHandler                         0x08000353   Thumb Code     0  startup_stm32h745xx_cm7.o(.text)
    I2C1_ER_IRQHandler                       0x08000353   Thumb Code     0  startup_stm32h745xx_cm7.o(.text)
    I2C1_EV_IRQHandler                       0x08000353   Thumb Code     0  startup_stm32h745xx_cm7.o(.text)
    I2C2_ER_IRQHandler                       0x08000353   Thumb Code     0  startup_stm32h745xx_cm7.o(.text)
    I2C2_EV_IRQHandler                       0x08000353   Thumb Code     0  startup_stm32h745xx_cm7.o(.text)
    I2C3_ER_IRQHandler                       0x08000353   Thumb Code     0  startup_stm32h745xx_cm7.o(.text)
    I2C3_EV_IRQHandler                       0x08000353   Thumb Code     0  startup_stm32h745xx_cm7.o(.text)
    I2C4_ER_IRQHandler                       0x08000353   Thumb Code     0  startup_stm32h745xx_cm7.o(.text)
    I2C4_EV_IRQHandler                       0x08000353   Thumb Code     0  startup_stm32h745xx_cm7.o(.text)
    JPEG_IRQHandler                          0x08000353   Thumb Code     0  startup_stm32h745xx_cm7.o(.text)
    LPTIM1_IRQHandler                        0x08000353   Thumb Code     0  startup_stm32h745xx_cm7.o(.text)
    LPTIM2_IRQHandler                        0x08000353   Thumb Code     0  startup_stm32h745xx_cm7.o(.text)
    LPTIM3_IRQHandler                        0x08000353   Thumb Code     0  startup_stm32h745xx_cm7.o(.text)
    LPTIM4_IRQHandler                        0x08000353   Thumb Code     0  startup_stm32h745xx_cm7.o(.text)
    LPTIM5_IRQHandler                        0x08000353   Thumb Code     0  startup_stm32h745xx_cm7.o(.text)
    LPUART1_IRQHandler                       0x08000353   Thumb Code     0  startup_stm32h745xx_cm7.o(.text)
    LTDC_ER_IRQHandler                       0x08000353   Thumb Code     0  startup_stm32h745xx_cm7.o(.text)
    LTDC_IRQHandler                          0x08000353   Thumb Code     0  startup_stm32h745xx_cm7.o(.text)
    MDIOS_IRQHandler                         0x08000353   Thumb Code     0  startup_stm32h745xx_cm7.o(.text)
    MDIOS_WKUP_IRQHandler                    0x08000353   Thumb Code     0  startup_stm32h745xx_cm7.o(.text)
    MDMA_IRQHandler                          0x08000353   Thumb Code     0  startup_stm32h745xx_cm7.o(.text)
    OTG_FS_EP1_IN_IRQHandler                 0x08000353   Thumb Code     0  startup_stm32h745xx_cm7.o(.text)
    OTG_FS_EP1_OUT_IRQHandler                0x08000353   Thumb Code     0  startup_stm32h745xx_cm7.o(.text)
    OTG_FS_IRQHandler                        0x08000353   Thumb Code     0  startup_stm32h745xx_cm7.o(.text)
    OTG_FS_WKUP_IRQHandler                   0x08000353   Thumb Code     0  startup_stm32h745xx_cm7.o(.text)
    OTG_HS_EP1_IN_IRQHandler                 0x08000353   Thumb Code     0  startup_stm32h745xx_cm7.o(.text)
    OTG_HS_EP1_OUT_IRQHandler                0x08000353   Thumb Code     0  startup_stm32h745xx_cm7.o(.text)
    OTG_HS_IRQHandler                        0x08000353   Thumb Code     0  startup_stm32h745xx_cm7.o(.text)
    OTG_HS_WKUP_IRQHandler                   0x08000353   Thumb Code     0  startup_stm32h745xx_cm7.o(.text)
    PVD_AVD_IRQHandler                       0x08000353   Thumb Code     0  startup_stm32h745xx_cm7.o(.text)
    QUADSPI_IRQHandler                       0x08000353   Thumb Code     0  startup_stm32h745xx_cm7.o(.text)
    RCC_IRQHandler                           0x08000353   Thumb Code     0  startup_stm32h745xx_cm7.o(.text)
    RNG_IRQHandler                           0x08000353   Thumb Code     0  startup_stm32h745xx_cm7.o(.text)
    RTC_Alarm_IRQHandler                     0x08000353   Thumb Code     0  startup_stm32h745xx_cm7.o(.text)
    RTC_WKUP_IRQHandler                      0x08000353   Thumb Code     0  startup_stm32h745xx_cm7.o(.text)
    SAI1_IRQHandler                          0x08000353   Thumb Code     0  startup_stm32h745xx_cm7.o(.text)
    SAI2_IRQHandler                          0x08000353   Thumb Code     0  startup_stm32h745xx_cm7.o(.text)
    SAI3_IRQHandler                          0x08000353   Thumb Code     0  startup_stm32h745xx_cm7.o(.text)
    SAI4_IRQHandler                          0x08000353   Thumb Code     0  startup_stm32h745xx_cm7.o(.text)
    SDMMC1_IRQHandler                        0x08000353   Thumb Code     0  startup_stm32h745xx_cm7.o(.text)
    SDMMC2_IRQHandler                        0x08000353   Thumb Code     0  startup_stm32h745xx_cm7.o(.text)
    SPDIF_RX_IRQHandler                      0x08000353   Thumb Code     0  startup_stm32h745xx_cm7.o(.text)
    SPI1_IRQHandler                          0x08000353   Thumb Code     0  startup_stm32h745xx_cm7.o(.text)
    SPI2_IRQHandler                          0x08000353   Thumb Code     0  startup_stm32h745xx_cm7.o(.text)
    SPI3_IRQHandler                          0x08000353   Thumb Code     0  startup_stm32h745xx_cm7.o(.text)
    SPI4_IRQHandler                          0x08000353   Thumb Code     0  startup_stm32h745xx_cm7.o(.text)
    SPI5_IRQHandler                          0x08000353   Thumb Code     0  startup_stm32h745xx_cm7.o(.text)
    SPI6_IRQHandler                          0x08000353   Thumb Code     0  startup_stm32h745xx_cm7.o(.text)
    SWPMI1_IRQHandler                        0x08000353   Thumb Code     0  startup_stm32h745xx_cm7.o(.text)
    TAMP_STAMP_IRQHandler                    0x08000353   Thumb Code     0  startup_stm32h745xx_cm7.o(.text)
    TIM15_IRQHandler                         0x08000353   Thumb Code     0  startup_stm32h745xx_cm7.o(.text)
    TIM16_IRQHandler                         0x08000353   Thumb Code     0  startup_stm32h745xx_cm7.o(.text)
    TIM17_IRQHandler                         0x08000353   Thumb Code     0  startup_stm32h745xx_cm7.o(.text)
    TIM1_BRK_IRQHandler                      0x08000353   Thumb Code     0  startup_stm32h745xx_cm7.o(.text)
    TIM1_CC_IRQHandler                       0x08000353   Thumb Code     0  startup_stm32h745xx_cm7.o(.text)
    TIM1_TRG_COM_IRQHandler                  0x08000353   Thumb Code     0  startup_stm32h745xx_cm7.o(.text)
    TIM1_UP_IRQHandler                       0x08000353   Thumb Code     0  startup_stm32h745xx_cm7.o(.text)
    TIM2_IRQHandler                          0x08000353   Thumb Code     0  startup_stm32h745xx_cm7.o(.text)
    TIM3_IRQHandler                          0x08000353   Thumb Code     0  startup_stm32h745xx_cm7.o(.text)
    TIM4_IRQHandler                          0x08000353   Thumb Code     0  startup_stm32h745xx_cm7.o(.text)
    TIM5_IRQHandler                          0x08000353   Thumb Code     0  startup_stm32h745xx_cm7.o(.text)
    TIM6_DAC_IRQHandler                      0x08000353   Thumb Code     0  startup_stm32h745xx_cm7.o(.text)
    TIM7_IRQHandler                          0x08000353   Thumb Code     0  startup_stm32h745xx_cm7.o(.text)
    TIM8_BRK_TIM12_IRQHandler                0x08000353   Thumb Code     0  startup_stm32h745xx_cm7.o(.text)
    TIM8_CC_IRQHandler                       0x08000353   Thumb Code     0  startup_stm32h745xx_cm7.o(.text)
    TIM8_TRG_COM_TIM14_IRQHandler            0x08000353   Thumb Code     0  startup_stm32h745xx_cm7.o(.text)
    TIM8_UP_TIM13_IRQHandler                 0x08000353   Thumb Code     0  startup_stm32h745xx_cm7.o(.text)
    UART4_IRQHandler                         0x08000353   Thumb Code     0  startup_stm32h745xx_cm7.o(.text)
    UART5_IRQHandler                         0x08000353   Thumb Code     0  startup_stm32h745xx_cm7.o(.text)
    UART7_IRQHandler                         0x08000353   Thumb Code     0  startup_stm32h745xx_cm7.o(.text)
    UART8_IRQHandler                         0x08000353   Thumb Code     0  startup_stm32h745xx_cm7.o(.text)
    USART1_IRQHandler                        0x08000353   Thumb Code     0  startup_stm32h745xx_cm7.o(.text)
    USART2_IRQHandler                        0x08000353   Thumb Code     0  startup_stm32h745xx_cm7.o(.text)
    USART3_IRQHandler                        0x08000353   Thumb Code     0  startup_stm32h745xx_cm7.o(.text)
    USART6_IRQHandler                        0x08000353   Thumb Code     0  startup_stm32h745xx_cm7.o(.text)
    WAKEUP_PIN_IRQHandler                    0x08000353   Thumb Code     0  startup_stm32h745xx_cm7.o(.text)
    WWDG_IRQHandler                          0x08000353   Thumb Code     0  startup_stm32h745xx_cm7.o(.text)
    WWDG_RST_IRQHandler                      0x08000353   Thumb Code     0  startup_stm32h745xx_cm7.o(.text)
    __user_initial_stackheap                 0x08000355   Thumb Code     0  startup_stm32h745xx_cm7.o(.text)
    __aeabi_uldivmod                         0x08000379   Thumb Code     0  lludivv7m.o(.text)
    _ll_udiv                                 0x08000379   Thumb Code   238  lludivv7m.o(.text)
    __aeabi_memcpy4                          0x08000467   Thumb Code     0  rt_memcpy_w.o(.text)
    __aeabi_memcpy8                          0x08000467   Thumb Code     0  rt_memcpy_w.o(.text)
    __rt_memcpy_w                            0x08000467   Thumb Code   100  rt_memcpy_w.o(.text)
    _memcpy_lastbytes_aligned                0x080004af   Thumb Code     0  rt_memcpy_w.o(.text)
    __aeabi_memclr4                          0x080004cb   Thumb Code     0  rt_memclr_w.o(.text)
    __aeabi_memclr8                          0x080004cb   Thumb Code     0  rt_memclr_w.o(.text)
    __rt_memclr_w                            0x080004cb   Thumb Code    78  rt_memclr_w.o(.text)
    _memset_w                                0x080004cf   Thumb Code     0  rt_memclr_w.o(.text)
    __use_two_region_memory                  0x08000519   Thumb Code     2  heapauxi.o(.text)
    __rt_heap_escrow$2region                 0x0800051b   Thumb Code     2  heapauxi.o(.text)
    __rt_heap_expand$2region                 0x0800051d   Thumb Code     2  heapauxi.o(.text)
    __user_setup_stackheap                   0x0800051f   Thumb Code    74  sys_stackheap_outer.o(.text)
    exit                                     0x08000569   Thumb Code    18  exit.o(.text)
    __user_libspace                          0x0800057d   Thumb Code     8  libspace.o(.text)
    __user_perproc_libspace                  0x0800057d   Thumb Code     0  libspace.o(.text)
    __user_perthread_libspace                0x0800057d   Thumb Code     0  libspace.o(.text)
    _sys_exit                                0x08000585   Thumb Code     8  sys_exit.o(.text)
    __I$use$semihosting                      0x08000591   Thumb Code     0  use_no_semi.o(.text)
    __use_no_semihosting_swi                 0x08000591   Thumb Code     2  use_no_semi.o(.text)
    __semihosting_library_function           0x08000593   Thumb Code     0  indicate_semi.o(.text)
    BSP_SD_GetCardInfo                       0x08000595   Thumb Code     8  bsp_driver_sd.o(i.BSP_SD_GetCardInfo)
    BSP_SD_GetCardState                      0x080005a1   Thumb Code    20  bsp_driver_sd.o(i.BSP_SD_GetCardState)
    BSP_SD_Init                              0x080005b9   Thumb Code    42  bsp_driver_sd.o(i.BSP_SD_Init)
    BSP_SD_IsDetected                        0x080005e9   Thumb Code    14  bsp_driver_sd.o(i.BSP_SD_IsDetected)
    BSP_SD_ReadBlocks                        0x080005f9   Thumb Code    26  bsp_driver_sd.o(i.BSP_SD_ReadBlocks)
    BSP_SD_WriteBlocks                       0x08000619   Thumb Code    26  bsp_driver_sd.o(i.BSP_SD_WriteBlocks)
    BusFault_Handler                         0x08000639   Thumb Code     2  stm32h7xx_it.o(i.BusFault_Handler)
    DebugMon_Handler                         0x0800063b   Thumb Code     2  stm32h7xx_it.o(i.DebugMon_Handler)
    FATFS_LinkDriver                         0x0800063d   Thumb Code     6  ff_gen_drv.o(i.FATFS_LinkDriver)
    FATFS_LinkDriverEx                       0x08000645   Thumb Code    58  ff_gen_drv.o(i.FATFS_LinkDriverEx)
    HAL_Delay                                0x08000685   Thumb Code    32  stm32h7xx_hal.o(i.HAL_Delay)
    HAL_GPIO_Init                            0x080006a9   Thumb Code   510  stm32h7xx_hal_gpio.o(i.HAL_GPIO_Init)
    HAL_GetREVID                             0x080008d9   Thumb Code     8  stm32h7xx_hal.o(i.HAL_GetREVID)
    HAL_GetTick                              0x080008e5   Thumb Code     6  stm32h7xx_hal.o(i.HAL_GetTick)
    HAL_HSEM_FastTake                        0x080008f1   Thumb Code    24  stm32h7xx_hal_hsem.o(i.HAL_HSEM_FastTake)
    HAL_HSEM_Release                         0x08000911   Thumb Code    16  stm32h7xx_hal_hsem.o(i.HAL_HSEM_Release)
    HAL_IncTick                              0x08000925   Thumb Code    12  stm32h7xx_hal.o(i.HAL_IncTick)
    HAL_Init                                 0x08000935   Thumb Code    74  stm32h7xx_hal.o(i.HAL_Init)
    HAL_InitTick                             0x08000991   Thumb Code    56  stm32h7xx_hal.o(i.HAL_InitTick)
    HAL_MspInit                              0x080009d1   Thumb Code    22  stm32h7xx_hal_msp.o(i.HAL_MspInit)
    HAL_NVIC_SetPriority                     0x080009ed   Thumb Code    60  stm32h7xx_hal_cortex.o(i.HAL_NVIC_SetPriority)
    HAL_NVIC_SetPriorityGrouping             0x08000a2d   Thumb Code    28  stm32h7xx_hal_cortex.o(i.HAL_NVIC_SetPriorityGrouping)
    HAL_PWREx_ConfigSupply                   0x08000a51   Thumb Code   128  stm32h7xx_hal_pwr_ex.o(i.HAL_PWREx_ConfigSupply)
    HAL_RCCEx_GetD3PCLK1Freq                 0x08000ad5   Thumb Code    26  stm32h7xx_hal_rcc_ex.o(i.HAL_RCCEx_GetD3PCLK1Freq)
    HAL_RCCEx_GetPLL1ClockFreq               0x08000af9   Thumb Code   296  stm32h7xx_hal_rcc_ex.o(i.HAL_RCCEx_GetPLL1ClockFreq)
    HAL_RCCEx_GetPLL2ClockFreq               0x08000c3d   Thumb Code   296  stm32h7xx_hal_rcc_ex.o(i.HAL_RCCEx_GetPLL2ClockFreq)
    HAL_RCCEx_GetPLL3ClockFreq               0x08000d81   Thumb Code   296  stm32h7xx_hal_rcc_ex.o(i.HAL_RCCEx_GetPLL3ClockFreq)
    HAL_RCCEx_GetPeriphCLKFreq               0x08000ec5   Thumb Code   454  stm32h7xx_hal_rcc_ex.o(i.HAL_RCCEx_GetPeriphCLKFreq)
    HAL_RCCEx_PeriphCLKConfig                0x080010a1   Thumb Code  2234  stm32h7xx_hal_rcc_ex.o(i.HAL_RCCEx_PeriphCLKConfig)
    HAL_RCC_ClockConfig                      0x0800195d   Thumb Code   580  stm32h7xx_hal_rcc.o(i.HAL_RCC_ClockConfig)
    HAL_RCC_GetHCLKFreq                      0x08001bb9   Thumb Code    52  stm32h7xx_hal_rcc.o(i.HAL_RCC_GetHCLKFreq)
    HAL_RCC_GetPCLK1Freq                     0x08001bfd   Thumb Code    26  stm32h7xx_hal_rcc.o(i.HAL_RCC_GetPCLK1Freq)
    HAL_RCC_GetPCLK2Freq                     0x08001c21   Thumb Code    26  stm32h7xx_hal_rcc.o(i.HAL_RCC_GetPCLK2Freq)
    HAL_RCC_GetSysClockFreq                  0x08001c45   Thumb Code   278  stm32h7xx_hal_rcc.o(i.HAL_RCC_GetSysClockFreq)
    HAL_RCC_OscConfig                        0x08001d7d   Thumb Code  1282  stm32h7xx_hal_rcc.o(i.HAL_RCC_OscConfig)
    HAL_SD_ConfigWideBusOperation            0x08002285   Thumb Code   300  stm32h7xx_hal_sd.o(i.HAL_SD_ConfigWideBusOperation)
    HAL_SD_DriveTransceiver_1_8V_Callback    0x080023b5   Thumb Code     2  stm32h7xx_hal_sd.o(i.HAL_SD_DriveTransceiver_1_8V_Callback)
    HAL_SD_GetCardCSD                        0x080023b9   Thumb Code   440  stm32h7xx_hal_sd.o(i.HAL_SD_GetCardCSD)
    HAL_SD_GetCardInfo                       0x08002575   Thumb Code    36  stm32h7xx_hal_sd.o(i.HAL_SD_GetCardInfo)
    HAL_SD_GetCardState                      0x08002599   Thumb Code    44  stm32h7xx_hal_sd.o(i.HAL_SD_GetCardState)
    HAL_SD_GetCardStatus                     0x080025c5   Thumb Code   186  stm32h7xx_hal_sd.o(i.HAL_SD_GetCardStatus)
    HAL_SD_Init                              0x08002685   Thumb Code   162  stm32h7xx_hal_sd.o(i.HAL_SD_Init)
    HAL_SD_InitCard                          0x08002729   Thumb Code   156  stm32h7xx_hal_sd.o(i.HAL_SD_InitCard)
    HAL_SD_MspInit                           0x080027d1   Thumb Code   118  stm32h7xx_hal_msp.o(i.HAL_SD_MspInit)
    HAL_SD_ReadBlocks                        0x08002859   Thumb Code   444  stm32h7xx_hal_sd.o(i.HAL_SD_ReadBlocks)
    HAL_SD_WriteBlocks                       0x08002a1d   Thumb Code   466  stm32h7xx_hal_sd.o(i.HAL_SD_WriteBlocks)
    HAL_SYSTICK_Config                       0x08002bf9   Thumb Code    38  stm32h7xx_hal_cortex.o(i.HAL_SYSTICK_Config)
    HAL_UARTEx_DisableFifoMode               0x08002c1f   Thumb Code    64  stm32h7xx_hal_uart_ex.o(i.HAL_UARTEx_DisableFifoMode)
    HAL_UARTEx_SetRxFifoThreshold            0x08002c5f   Thumb Code    76  stm32h7xx_hal_uart_ex.o(i.HAL_UARTEx_SetRxFifoThreshold)
    HAL_UARTEx_SetTxFifoThreshold            0x08002cab   Thumb Code    76  stm32h7xx_hal_uart_ex.o(i.HAL_UARTEx_SetTxFifoThreshold)
    HAL_UART_Init                            0x08002cf7   Thumb Code   106  stm32h7xx_hal_uart.o(i.HAL_UART_Init)
    HAL_UART_MspInit                         0x08002d61   Thumb Code    92  stm32h7xx_hal_msp.o(i.HAL_UART_MspInit)
    HardFault_Handler                        0x08002dc9   Thumb Code     2  stm32h7xx_it.o(i.HardFault_Handler)
    MX_FATFS_Init                            0x08002dcd   Thumb Code    18  fatfs.o(i.MX_FATFS_Init)
    MemManage_Handler                        0x08002f2d   Thumb Code     2  stm32h7xx_it.o(i.MemManage_Handler)
    NMI_Handler                              0x08002f2f   Thumb Code     2  stm32h7xx_it.o(i.NMI_Handler)
    PendSV_Handler                           0x08002f31   Thumb Code     2  stm32h7xx_it.o(i.PendSV_Handler)
    SDMMC_CmdAppCommand                      0x08003175   Thumb Code    52  stm32h7xx_ll_sdmmc.o(i.SDMMC_CmdAppCommand)
    SDMMC_CmdAppOperCommand                  0x080031a9   Thumb Code    46  stm32h7xx_ll_sdmmc.o(i.SDMMC_CmdAppOperCommand)
    SDMMC_CmdBlockLength                     0x080031d7   Thumb Code    50  stm32h7xx_ll_sdmmc.o(i.SDMMC_CmdBlockLength)
    SDMMC_CmdBusWidth                        0x08003209   Thumb Code    52  stm32h7xx_ll_sdmmc.o(i.SDMMC_CmdBusWidth)
    SDMMC_CmdGoIdleState                     0x0800323d   Thumb Code    74  stm32h7xx_ll_sdmmc.o(i.SDMMC_CmdGoIdleState)
    SDMMC_CmdOperCond                        0x08003291   Thumb Code   110  stm32h7xx_ll_sdmmc.o(i.SDMMC_CmdOperCond)
    SDMMC_CmdReadMultiBlock                  0x08003305   Thumb Code    52  stm32h7xx_ll_sdmmc.o(i.SDMMC_CmdReadMultiBlock)
    SDMMC_CmdReadSingleBlock                 0x08003339   Thumb Code    52  stm32h7xx_ll_sdmmc.o(i.SDMMC_CmdReadSingleBlock)
    SDMMC_CmdSelDesel                        0x0800336d   Thumb Code    50  stm32h7xx_ll_sdmmc.o(i.SDMMC_CmdSelDesel)
    SDMMC_CmdSendCID                         0x0800339f   Thumb Code    44  stm32h7xx_ll_sdmmc.o(i.SDMMC_CmdSendCID)
    SDMMC_CmdSendCSD                         0x080033cb   Thumb Code    48  stm32h7xx_ll_sdmmc.o(i.SDMMC_CmdSendCSD)
    SDMMC_CmdSendSCR                         0x080033fb   Thumb Code    50  stm32h7xx_ll_sdmmc.o(i.SDMMC_CmdSendSCR)
    SDMMC_CmdSendStatus                      0x0800342d   Thumb Code    52  stm32h7xx_ll_sdmmc.o(i.SDMMC_CmdSendStatus)
    SDMMC_CmdSetRelAdd                       0x08003461   Thumb Code    50  stm32h7xx_ll_sdmmc.o(i.SDMMC_CmdSetRelAdd)
    SDMMC_CmdStatusRegister                  0x08003493   Thumb Code    50  stm32h7xx_ll_sdmmc.o(i.SDMMC_CmdStatusRegister)
    SDMMC_CmdStopTransfer                    0x080034c5   Thumb Code    78  stm32h7xx_ll_sdmmc.o(i.SDMMC_CmdStopTransfer)
    SDMMC_CmdVoltageSwitch                   0x08003519   Thumb Code    50  stm32h7xx_ll_sdmmc.o(i.SDMMC_CmdVoltageSwitch)
    SDMMC_CmdWriteMultiBlock                 0x0800354b   Thumb Code    52  stm32h7xx_ll_sdmmc.o(i.SDMMC_CmdWriteMultiBlock)
    SDMMC_CmdWriteSingleBlock                0x0800357f   Thumb Code    52  stm32h7xx_ll_sdmmc.o(i.SDMMC_CmdWriteSingleBlock)
    SDMMC_ConfigData                         0x080035b3   Thumb Code    38  stm32h7xx_ll_sdmmc.o(i.SDMMC_ConfigData)
    SDMMC_GetPowerState                      0x08003825   Thumb Code     8  stm32h7xx_ll_sdmmc.o(i.SDMMC_GetPowerState)
    SDMMC_GetResponse                        0x0800382d   Thumb Code     6  stm32h7xx_ll_sdmmc.o(i.SDMMC_GetResponse)
    SDMMC_Init                               0x08003835   Thumb Code    28  stm32h7xx_ll_sdmmc.o(i.SDMMC_Init)
    SDMMC_PowerState_ON                      0x08003855   Thumb Code    12  stm32h7xx_ll_sdmmc.o(i.SDMMC_PowerState_ON)
    SDMMC_ReadFIFO                           0x08003861   Thumb Code     6  stm32h7xx_ll_sdmmc.o(i.SDMMC_ReadFIFO)
    SDMMC_SendCommand                        0x08003869   Thumb Code    34  stm32h7xx_ll_sdmmc.o(i.SDMMC_SendCommand)
    SDMMC_WriteFIFO                          0x08003891   Thumb Code    10  stm32h7xx_ll_sdmmc.o(i.SDMMC_WriteFIFO)
    SD_initialize                            0x08003c9d   Thumb Code    28  sd_diskio.o(i.SD_initialize)
    SD_ioctl                                 0x08003cbd   Thumb Code    84  sd_diskio.o(i.SD_ioctl)
    SD_read                                  0x08003d15   Thumb Code    38  sd_diskio.o(i.SD_read)
    SD_status                                0x08003d3b   Thumb Code     4  sd_diskio.o(i.SD_status)
    SD_write                                 0x08003d41   Thumb Code    38  sd_diskio.o(i.SD_write)
    SVC_Handler                              0x08003d67   Thumb Code     2  stm32h7xx_it.o(i.SVC_Handler)
    SysTick_Handler                          0x08003d69   Thumb Code     4  stm32h7xx_it.o(i.SysTick_Handler)
    SystemClock_Config                       0x08003d6d   Thumb Code   162  main.o(i.SystemClock_Config)
    SystemInit                               0x08003e1d   Thumb Code   216  system_stm32h7xx_dualcore_boot_cm4_cm7.o(i.SystemInit)
    UART_AdvFeatureConfig                    0x08003f81   Thumb Code   200  stm32h7xx_hal_uart.o(i.UART_AdvFeatureConfig)
    UART_CheckIdleState                      0x08004049   Thumb Code    94  stm32h7xx_hal_uart.o(i.UART_CheckIdleState)
    UART_SetConfig                           0x080040a9   Thumb Code   878  stm32h7xx_hal_uart.o(i.UART_SetConfig)
    UART_WaitOnFlagUntilTimeout              0x08004459   Thumb Code   164  stm32h7xx_hal_uart.o(i.UART_WaitOnFlagUntilTimeout)
    UsageFault_Handler                       0x080044fd   Thumb Code     2  stm32h7xx_it.o(i.UsageFault_Handler)
    disk_initialize                          0x08004a25   Thumb Code    34  diskio.o(i.disk_initialize)
    disk_ioctl                               0x08004a4d   Thumb Code    20  diskio.o(i.disk_ioctl)
    disk_read                                0x08004a65   Thumb Code    22  diskio.o(i.disk_read)
    disk_status                              0x08004a81   Thumb Code    16  diskio.o(i.disk_status)
    disk_write                               0x08004a95   Thumb Code    22  diskio.o(i.disk_write)
    f_close                                  0x08004ab1   Thumb Code    40  ff.o(i.f_close)
    f_mount                                  0x08004ad9   Thumb Code    84  ff.o(i.f_mount)
    f_open                                   0x08004b31   Thumb Code   522  ff.o(i.f_open)
    f_sync                                   0x08004d41   Thumb Code   142  ff.o(i.f_sync)
    f_write                                  0x08004dcf   Thumb Code   396  ff.o(i.f_write)
    get_fattime                              0x080052e7   Thumb Code     4  fatfs.o(i.get_fattime)
    main                                     0x080053f1   Thumb Code   172  main.o(i.main)
    _fp_init                                 0x080057fb   Thumb Code    10  fpinit.o(x$fpl$fpinit)
    __fplib_config_fpu_vfp                   0x08005803   Thumb Code     0  fpinit.o(x$fpl$fpinit)
    __fplib_config_pureend_doubles           0x08005803   Thumb Code     0  fpinit.o(x$fpl$fpinit)
    SD_Driver                                0x08005804   Data          20  sd_diskio.o(.constdata)
    UARTPrescTable                           0x08005818   Data          24  stm32h7xx_hal_uart.o(.constdata)
    D1CorePrescTable                         0x08005830   Data          16  system_stm32h7xx_dualcore_boot_cm4_cm7.o(.constdata)
    Region$$Table$$Base                      0x080058dc   Number         0  anon$$obj.o(Region$$Table)
    Region$$Table$$Limit                     0x080058fc   Number         0  anon$$obj.o(Region$$Table)
    retSD                                    0x20000000   Data           1  fatfs.o(.data)
    SDPath                                   0x20000001   Data           4  fatfs.o(.data)
    myBytes                                  0x20000008   Data           4  main.o(.data)
    uwTickFreq                               0x2000000c   Data           1  stm32h7xx_hal.o(.data)
    uwTickPrio                               0x20000010   Data           4  stm32h7xx_hal.o(.data)
    uwTick                                   0x20000014   Data           4  stm32h7xx_hal.o(.data)
    SystemCoreClock                          0x20000018   Data           4  system_stm32h7xx_dualcore_boot_cm4_cm7.o(.data)
    SystemD2Clock                            0x2000001c   Data           4  system_stm32h7xx_dualcore_boot_cm4_cm7.o(.data)
    SDFatFS                                  0x20000028   Data         560  fatfs.o(.bss)
    myFile                                   0x20000258   Data         560  main.o(.bss)
    hsd1                                     0x20000488   Data         128  main.o(.bss)
    huart3                                   0x20000508   Data         140  main.o(.bss)
    disk                                     0x200005b4   Data          12  ff_gen_drv.o(.bss)
    __libspace_start                         0x200005c0   Data          96  libspace.o(.bss)
    __temporary_stack_top$libspace           0x20000620   Data           0  libspace.o(.bss)



==============================================================================

Memory Map of the image

  Image Entry point : 0x08000299

  Load Region LR_IROM1 (Base: 0x08000000, Size: 0x00005924, Max: 0x00100000, ABSOLUTE)

    Execution Region ER_IROM1 (Exec base: 0x08000000, Load base: 0x08000000, Size: 0x000058fc, Max: 0x00100000, ABSOLUTE)

    Exec Addr    Load Addr    Size         Type   Attr      Idx    E Section Name        Object

    0x08000000   0x08000000   0x00000298   Data   RO            3    RESET               startup_stm32h745xx_cm7.o
    0x08000298   0x08000298   0x00000008   Code   RO         4713  * !!!main             c_w.l(__main.o)
    0x080002a0   0x080002a0   0x00000034   Code   RO         4880    !!!scatter          c_w.l(__scatter.o)
    0x080002d4   0x080002d4   0x0000001a   Code   RO         4882    !!handler_copy      c_w.l(__scatter_copy.o)
    0x080002ee   0x080002ee   0x00000002   PAD
    0x080002f0   0x080002f0   0x0000001c   Code   RO         4884    !!handler_zi        c_w.l(__scatter_zi.o)
    0x0800030c   0x0800030c   0x00000002   Code   RO         4750    .ARM.Collect$$libinit$$00000000  c_w.l(libinit.o)
    0x0800030e   0x0800030e   0x00000004   Code   RO         4762    .ARM.Collect$$libinit$$00000001  c_w.l(libinit2.o)
    0x08000312   0x08000312   0x00000000   Code   RO         4765    .ARM.Collect$$libinit$$00000004  c_w.l(libinit2.o)
    0x08000312   0x08000312   0x00000000   Code   RO         4768    .ARM.Collect$$libinit$$0000000A  c_w.l(libinit2.o)
    0x08000312   0x08000312   0x00000000   Code   RO         4770    .ARM.Collect$$libinit$$0000000C  c_w.l(libinit2.o)
    0x08000312   0x08000312   0x00000000   Code   RO         4772    .ARM.Collect$$libinit$$0000000E  c_w.l(libinit2.o)
    0x08000312   0x08000312   0x00000000   Code   RO         4775    .ARM.Collect$$libinit$$00000011  c_w.l(libinit2.o)
    0x08000312   0x08000312   0x00000000   Code   RO         4777    .ARM.Collect$$libinit$$00000013  c_w.l(libinit2.o)
    0x08000312   0x08000312   0x00000000   Code   RO         4779    .ARM.Collect$$libinit$$00000015  c_w.l(libinit2.o)
    0x08000312   0x08000312   0x00000000   Code   RO         4781    .ARM.Collect$$libinit$$00000017  c_w.l(libinit2.o)
    0x08000312   0x08000312   0x00000000   Code   RO         4783    .ARM.Collect$$libinit$$00000019  c_w.l(libinit2.o)
    0x08000312   0x08000312   0x00000000   Code   RO         4785    .ARM.Collect$$libinit$$0000001B  c_w.l(libinit2.o)
    0x08000312   0x08000312   0x00000000   Code   RO         4787    .ARM.Collect$$libinit$$0000001D  c_w.l(libinit2.o)
    0x08000312   0x08000312   0x00000000   Code   RO         4789    .ARM.Collect$$libinit$$0000001F  c_w.l(libinit2.o)
    0x08000312   0x08000312   0x00000000   Code   RO         4791    .ARM.Collect$$libinit$$00000021  c_w.l(libinit2.o)
    0x08000312   0x08000312   0x00000000   Code   RO         4793    .ARM.Collect$$libinit$$00000023  c_w.l(libinit2.o)
    0x08000312   0x08000312   0x00000000   Code   RO         4795    .ARM.Collect$$libinit$$00000025  c_w.l(libinit2.o)
    0x08000312   0x08000312   0x00000000   Code   RO         4799    .ARM.Collect$$libinit$$0000002C  c_w.l(libinit2.o)
    0x08000312   0x08000312   0x00000000   Code   RO         4801    .ARM.Collect$$libinit$$0000002E  c_w.l(libinit2.o)
    0x08000312   0x08000312   0x00000000   Code   RO         4803    .ARM.Collect$$libinit$$00000030  c_w.l(libinit2.o)
    0x08000312   0x08000312   0x00000000   Code   RO         4805    .ARM.Collect$$libinit$$00000032  c_w.l(libinit2.o)
    0x08000312   0x08000312   0x00000002   Code   RO         4806    .ARM.Collect$$libinit$$00000033  c_w.l(libinit2.o)
    0x08000314   0x08000314   0x00000002   Code   RO         4837    .ARM.Collect$$libshutdown$$00000000  c_w.l(libshutdown.o)
    0x08000316   0x08000316   0x00000000   Code   RO         4863    .ARM.Collect$$libshutdown$$00000002  c_w.l(libshutdown2.o)
    0x08000316   0x08000316   0x00000000   Code   RO         4865    .ARM.Collect$$libshutdown$$00000004  c_w.l(libshutdown2.o)
    0x08000316   0x08000316   0x00000000   Code   RO         4868    .ARM.Collect$$libshutdown$$00000007  c_w.l(libshutdown2.o)
    0x08000316   0x08000316   0x00000000   Code   RO         4871    .ARM.Collect$$libshutdown$$0000000A  c_w.l(libshutdown2.o)
    0x08000316   0x08000316   0x00000000   Code   RO         4873    .ARM.Collect$$libshutdown$$0000000C  c_w.l(libshutdown2.o)
    0x08000316   0x08000316   0x00000000   Code   RO         4876    .ARM.Collect$$libshutdown$$0000000F  c_w.l(libshutdown2.o)
    0x08000316   0x08000316   0x00000002   Code   RO         4877    .ARM.Collect$$libshutdown$$00000010  c_w.l(libshutdown2.o)
    0x08000318   0x08000318   0x00000000   Code   RO         4715    .ARM.Collect$$rtentry$$00000000  c_w.l(__rtentry.o)
    0x08000318   0x08000318   0x00000000   Code   RO         4721    .ARM.Collect$$rtentry$$00000002  c_w.l(__rtentry2.o)
    0x08000318   0x08000318   0x00000006   Code   RO         4733    .ARM.Collect$$rtentry$$00000004  c_w.l(__rtentry4.o)
    0x0800031e   0x0800031e   0x00000000   Code   RO         4723    .ARM.Collect$$rtentry$$00000009  c_w.l(__rtentry2.o)
    0x0800031e   0x0800031e   0x00000004   Code   RO         4724    .ARM.Collect$$rtentry$$0000000A  c_w.l(__rtentry2.o)
    0x08000322   0x08000322   0x00000000   Code   RO         4726    .ARM.Collect$$rtentry$$0000000C  c_w.l(__rtentry2.o)
    0x08000322   0x08000322   0x00000008   Code   RO         4727    .ARM.Collect$$rtentry$$0000000D  c_w.l(__rtentry2.o)
    0x0800032a   0x0800032a   0x00000002   Code   RO         4754    .ARM.Collect$$rtexit$$00000000  c_w.l(rtexit.o)
    0x0800032c   0x0800032c   0x00000000   Code   RO         4810    .ARM.Collect$$rtexit$$00000002  c_w.l(rtexit2.o)
    0x0800032c   0x0800032c   0x00000004   Code   RO         4811    .ARM.Collect$$rtexit$$00000003  c_w.l(rtexit2.o)
    0x08000330   0x08000330   0x00000006   Code   RO         4812    .ARM.Collect$$rtexit$$00000004  c_w.l(rtexit2.o)
    0x08000336   0x08000336   0x00000002   PAD
    0x08000338   0x08000338   0x00000040   Code   RO            4    .text               startup_stm32h745xx_cm7.o
    0x08000378   0x08000378   0x000000ee   Code   RO         4705    .text               c_w.l(lludivv7m.o)
    0x08000466   0x08000466   0x00000064   Code   RO         4707    .text               c_w.l(rt_memcpy_w.o)
    0x080004ca   0x080004ca   0x0000004e   Code   RO         4709    .text               c_w.l(rt_memclr_w.o)
    0x08000518   0x08000518   0x00000006   Code   RO         4711    .text               c_w.l(heapauxi.o)
    0x0800051e   0x0800051e   0x0000004a   Code   RO         4737    .text               c_w.l(sys_stackheap_outer.o)
    0x08000568   0x08000568   0x00000012   Code   RO         4739    .text               c_w.l(exit.o)
    0x0800057a   0x0800057a   0x00000002   PAD
    0x0800057c   0x0800057c   0x00000008   Code   RO         4751    .text               c_w.l(libspace.o)
    0x08000584   0x08000584   0x0000000c   Code   RO         4807    .text               c_w.l(sys_exit.o)
    0x08000590   0x08000590   0x00000002   Code   RO         4826    .text               c_w.l(use_no_semi.o)
    0x08000592   0x08000592   0x00000000   Code   RO         4828    .text               c_w.l(indicate_semi.o)
    0x08000592   0x08000592   0x00000002   PAD
    0x08000594   0x08000594   0x0000000c   Code   RO          199    i.BSP_SD_GetCardInfo  bsp_driver_sd.o
    0x080005a0   0x080005a0   0x00000018   Code   RO          200    i.BSP_SD_GetCardState  bsp_driver_sd.o
    0x080005b8   0x080005b8   0x00000030   Code   RO          202    i.BSP_SD_Init       bsp_driver_sd.o
    0x080005e8   0x080005e8   0x0000000e   Code   RO          203    i.BSP_SD_IsDetected  bsp_driver_sd.o
    0x080005f6   0x080005f6   0x00000002   PAD
    0x080005f8   0x080005f8   0x00000020   Code   RO          204    i.BSP_SD_ReadBlocks  bsp_driver_sd.o
    0x08000618   0x08000618   0x00000020   Code   RO          207    i.BSP_SD_WriteBlocks  bsp_driver_sd.o
    0x08000638   0x08000638   0x00000002   Code   RO          427    i.BusFault_Handler  stm32h7xx_it.o
    0x0800063a   0x0800063a   0x00000002   Code   RO          428    i.DebugMon_Handler  stm32h7xx_it.o
    0x0800063c   0x0800063c   0x00000006   Code   RO         4632    i.FATFS_LinkDriver  ff_gen_drv.o
    0x08000642   0x08000642   0x00000002   PAD
    0x08000644   0x08000644   0x00000040   Code   RO         4633    i.FATFS_LinkDriverEx  ff_gen_drv.o
    0x08000684   0x08000684   0x00000024   Code   RO         2071    i.HAL_Delay         stm32h7xx_hal.o
    0x080006a8   0x080006a8   0x00000230   Code   RO         1192    i.HAL_GPIO_Init     stm32h7xx_hal_gpio.o
    0x080008d8   0x080008d8   0x0000000c   Code   RO         2094    i.HAL_GetREVID      stm32h7xx_hal.o
    0x080008e4   0x080008e4   0x0000000c   Code   RO         2095    i.HAL_GetTick       stm32h7xx_hal.o
    0x080008f0   0x080008f0   0x00000020   Code   RO         1257    i.HAL_HSEM_FastTake  stm32h7xx_hal_hsem.o
    0x08000910   0x08000910   0x00000014   Code   RO         1262    i.HAL_HSEM_Release  stm32h7xx_hal_hsem.o
    0x08000924   0x08000924   0x00000010   Code   RO         2101    i.HAL_IncTick       stm32h7xx_hal.o
    0x08000934   0x08000934   0x0000005c   Code   RO         2102    i.HAL_Init          stm32h7xx_hal.o
    0x08000990   0x08000990   0x00000040   Code   RO         2103    i.HAL_InitTick      stm32h7xx_hal.o
    0x080009d0   0x080009d0   0x0000001c   Code   RO          502    i.HAL_MspInit       stm32h7xx_hal_msp.o
    0x080009ec   0x080009ec   0x00000040   Code   RO          562    i.HAL_NVIC_SetPriority  stm32h7xx_hal_cortex.o
    0x08000a2c   0x08000a2c   0x00000024   Code   RO          563    i.HAL_NVIC_SetPriorityGrouping  stm32h7xx_hal_cortex.o
    0x08000a50   0x08000a50   0x00000084   Code   RO         1794    i.HAL_PWREx_ConfigSupply  stm32h7xx_hal_pwr_ex.o
    0x08000ad4   0x08000ad4   0x00000024   Code   RO          808    i.HAL_RCCEx_GetD3PCLK1Freq  stm32h7xx_hal_rcc_ex.o
    0x08000af8   0x08000af8   0x00000144   Code   RO          809    i.HAL_RCCEx_GetPLL1ClockFreq  stm32h7xx_hal_rcc_ex.o
    0x08000c3c   0x08000c3c   0x00000144   Code   RO          810    i.HAL_RCCEx_GetPLL2ClockFreq  stm32h7xx_hal_rcc_ex.o
    0x08000d80   0x08000d80   0x00000144   Code   RO          811    i.HAL_RCCEx_GetPLL3ClockFreq  stm32h7xx_hal_rcc_ex.o
    0x08000ec4   0x08000ec4   0x000001dc   Code   RO          813    i.HAL_RCCEx_GetPeriphCLKFreq  stm32h7xx_hal_rcc_ex.o
    0x080010a0   0x080010a0   0x000008ba   Code   RO          817    i.HAL_RCCEx_PeriphCLKConfig  stm32h7xx_hal_rcc_ex.o
    0x0800195a   0x0800195a   0x00000002   PAD
    0x0800195c   0x0800195c   0x0000025c   Code   RO          692    i.HAL_RCC_ClockConfig  stm32h7xx_hal_rcc.o
    0x08001bb8   0x08001bb8   0x00000044   Code   RO          697    i.HAL_RCC_GetHCLKFreq  stm32h7xx_hal_rcc.o
    0x08001bfc   0x08001bfc   0x00000024   Code   RO          699    i.HAL_RCC_GetPCLK1Freq  stm32h7xx_hal_rcc.o
    0x08001c20   0x08001c20   0x00000024   Code   RO          700    i.HAL_RCC_GetPCLK2Freq  stm32h7xx_hal_rcc.o
    0x08001c44   0x08001c44   0x00000138   Code   RO          701    i.HAL_RCC_GetSysClockFreq  stm32h7xx_hal_rcc.o
    0x08001d7c   0x08001d7c   0x00000508   Code   RO          704    i.HAL_RCC_OscConfig  stm32h7xx_hal_rcc.o
    0x08002284   0x08002284   0x00000130   Code   RO         3392    i.HAL_SD_ConfigWideBusOperation  stm32h7xx_hal_sd.o
    0x080023b4   0x080023b4   0x00000002   Code   RO         3394    i.HAL_SD_DriveTransceiver_1_8V_Callback  stm32h7xx_hal_sd.o
    0x080023b6   0x080023b6   0x00000002   PAD
    0x080023b8   0x080023b8   0x000001bc   Code   RO         3398    i.HAL_SD_GetCardCSD  stm32h7xx_hal_sd.o
    0x08002574   0x08002574   0x00000024   Code   RO         3399    i.HAL_SD_GetCardInfo  stm32h7xx_hal_sd.o
    0x08002598   0x08002598   0x0000002c   Code   RO         3400    i.HAL_SD_GetCardState  stm32h7xx_hal_sd.o
    0x080025c4   0x080025c4   0x000000c0   Code   RO         3401    i.HAL_SD_GetCardStatus  stm32h7xx_hal_sd.o
    0x08002684   0x08002684   0x000000a2   Code   RO         3405    i.HAL_SD_Init       stm32h7xx_hal_sd.o
    0x08002726   0x08002726   0x00000002   PAD
    0x08002728   0x08002728   0x000000a8   Code   RO         3406    i.HAL_SD_InitCard   stm32h7xx_hal_sd.o
    0x080027d0   0x080027d0   0x00000088   Code   RO          504    i.HAL_SD_MspInit    stm32h7xx_hal_msp.o
    0x08002858   0x08002858   0x000001c4   Code   RO         3409    i.HAL_SD_ReadBlocks  stm32h7xx_hal_sd.o
    0x08002a1c   0x08002a1c   0x000001dc   Code   RO         3414    i.HAL_SD_WriteBlocks  stm32h7xx_hal_sd.o
    0x08002bf8   0x08002bf8   0x00000026   Code   RO          567    i.HAL_SYSTICK_Config  stm32h7xx_hal_cortex.o
    0x08002c1e   0x08002c1e   0x00000040   Code   RO         4115    i.HAL_UARTEx_DisableFifoMode  stm32h7xx_hal_uart_ex.o
    0x08002c5e   0x08002c5e   0x0000004c   Code   RO         4120    i.HAL_UARTEx_SetRxFifoThreshold  stm32h7xx_hal_uart_ex.o
    0x08002caa   0x08002caa   0x0000004c   Code   RO         4121    i.HAL_UARTEx_SetTxFifoThreshold  stm32h7xx_hal_uart_ex.o
    0x08002cf6   0x08002cf6   0x0000006a   Code   RO         3741    i.HAL_UART_Init     stm32h7xx_hal_uart.o
    0x08002d60   0x08002d60   0x00000068   Code   RO          506    i.HAL_UART_MspInit  stm32h7xx_hal_msp.o
    0x08002dc8   0x08002dc8   0x00000002   Code   RO          429    i.HardFault_Handler  stm32h7xx_it.o
    0x08002dca   0x08002dca   0x00000002   PAD
    0x08002dcc   0x08002dcc   0x0000001c   Code   RO           13    i.MX_FATFS_Init     fatfs.o
    0x08002de8   0x08002de8   0x000000f8   Code   RO          373    i.MX_GPIO_Init      main.o
    0x08002ee0   0x08002ee0   0x0000004c   Code   RO          374    i.MX_USART3_UART_Init  main.o
    0x08002f2c   0x08002f2c   0x00000002   Code   RO          430    i.MemManage_Handler  stm32h7xx_it.o
    0x08002f2e   0x08002f2e   0x00000002   Code   RO          431    i.NMI_Handler       stm32h7xx_it.o
    0x08002f30   0x08002f30   0x00000002   Code   RO          432    i.PendSV_Handler    stm32h7xx_it.o
    0x08002f32   0x08002f32   0x00000002   PAD
    0x08002f34   0x08002f34   0x00000120   Code   RO          820    i.RCCEx_PLL2_Config  stm32h7xx_hal_rcc_ex.o
    0x08003054   0x08003054   0x00000120   Code   RO          821    i.RCCEx_PLL3_Config  stm32h7xx_hal_rcc_ex.o
    0x08003174   0x08003174   0x00000034   Code   RO         3066    i.SDMMC_CmdAppCommand  stm32h7xx_ll_sdmmc.o
    0x080031a8   0x080031a8   0x0000002e   Code   RO         3067    i.SDMMC_CmdAppOperCommand  stm32h7xx_ll_sdmmc.o
    0x080031d6   0x080031d6   0x00000032   Code   RO         3068    i.SDMMC_CmdBlockLength  stm32h7xx_ll_sdmmc.o
    0x08003208   0x08003208   0x00000034   Code   RO         3069    i.SDMMC_CmdBusWidth  stm32h7xx_ll_sdmmc.o
    0x0800323c   0x0800323c   0x00000054   Code   RO         3073    i.SDMMC_CmdGoIdleState  stm32h7xx_ll_sdmmc.o
    0x08003290   0x08003290   0x00000074   Code   RO         3075    i.SDMMC_CmdOperCond  stm32h7xx_ll_sdmmc.o
    0x08003304   0x08003304   0x00000034   Code   RO         3076    i.SDMMC_CmdReadMultiBlock  stm32h7xx_ll_sdmmc.o
    0x08003338   0x08003338   0x00000034   Code   RO         3077    i.SDMMC_CmdReadSingleBlock  stm32h7xx_ll_sdmmc.o
    0x0800336c   0x0800336c   0x00000032   Code   RO         3080    i.SDMMC_CmdSelDesel  stm32h7xx_ll_sdmmc.o
    0x0800339e   0x0800339e   0x0000002c   Code   RO         3081    i.SDMMC_CmdSendCID  stm32h7xx_ll_sdmmc.o
    0x080033ca   0x080033ca   0x00000030   Code   RO         3082    i.SDMMC_CmdSendCSD  stm32h7xx_ll_sdmmc.o
    0x080033fa   0x080033fa   0x00000032   Code   RO         3084    i.SDMMC_CmdSendSCR  stm32h7xx_ll_sdmmc.o
    0x0800342c   0x0800342c   0x00000034   Code   RO         3085    i.SDMMC_CmdSendStatus  stm32h7xx_ll_sdmmc.o
    0x08003460   0x08003460   0x00000032   Code   RO         3086    i.SDMMC_CmdSetRelAdd  stm32h7xx_ll_sdmmc.o
    0x08003492   0x08003492   0x00000032   Code   RO         3087    i.SDMMC_CmdStatusRegister  stm32h7xx_ll_sdmmc.o
    0x080034c4   0x080034c4   0x00000054   Code   RO         3088    i.SDMMC_CmdStopTransfer  stm32h7xx_ll_sdmmc.o
    0x08003518   0x08003518   0x00000032   Code   RO         3090    i.SDMMC_CmdVoltageSwitch  stm32h7xx_ll_sdmmc.o
    0x0800354a   0x0800354a   0x00000034   Code   RO         3091    i.SDMMC_CmdWriteMultiBlock  stm32h7xx_ll_sdmmc.o
    0x0800357e   0x0800357e   0x00000034   Code   RO         3092    i.SDMMC_CmdWriteSingleBlock  stm32h7xx_ll_sdmmc.o
    0x080035b2   0x080035b2   0x00000026   Code   RO         3093    i.SDMMC_ConfigData  stm32h7xx_ll_sdmmc.o
    0x080035d8   0x080035d8   0x00000124   Code   RO         3094    i.SDMMC_GetCmdResp1  stm32h7xx_ll_sdmmc.o
    0x080036fc   0x080036fc   0x00000054   Code   RO         3095    i.SDMMC_GetCmdResp2  stm32h7xx_ll_sdmmc.o
    0x08003750   0x08003750   0x00000048   Code   RO         3096    i.SDMMC_GetCmdResp3  stm32h7xx_ll_sdmmc.o
    0x08003798   0x08003798   0x0000008c   Code   RO         3097    i.SDMMC_GetCmdResp6  stm32h7xx_ll_sdmmc.o
    0x08003824   0x08003824   0x00000008   Code   RO         3101    i.SDMMC_GetPowerState  stm32h7xx_ll_sdmmc.o
    0x0800382c   0x0800382c   0x00000006   Code   RO         3102    i.SDMMC_GetResponse  stm32h7xx_ll_sdmmc.o
    0x08003832   0x08003832   0x00000002   PAD
    0x08003834   0x08003834   0x00000020   Code   RO         3103    i.SDMMC_Init        stm32h7xx_ll_sdmmc.o
    0x08003854   0x08003854   0x0000000c   Code   RO         3106    i.SDMMC_PowerState_ON  stm32h7xx_ll_sdmmc.o
    0x08003860   0x08003860   0x00000006   Code   RO         3107    i.SDMMC_ReadFIFO    stm32h7xx_ll_sdmmc.o
    0x08003866   0x08003866   0x00000002   PAD
    0x08003868   0x08003868   0x00000028   Code   RO         3108    i.SDMMC_SendCommand  stm32h7xx_ll_sdmmc.o
    0x08003890   0x08003890   0x0000000a   Code   RO         3110    i.SDMMC_WriteFIFO   stm32h7xx_ll_sdmmc.o
    0x0800389a   0x0800389a   0x00000002   PAD
    0x0800389c   0x0800389c   0x00000020   Code   RO          312    i.SD_CheckStatus    sd_diskio.o
    0x080038bc   0x080038bc   0x000000e4   Code   RO         3418    i.SD_FindSCR        stm32h7xx_hal_sd.o
    0x080039a0   0x080039a0   0x000000d4   Code   RO         3420    i.SD_InitCard       stm32h7xx_hal_sd.o
    0x08003a74   0x08003a74   0x00000144   Code   RO         3421    i.SD_PowerON        stm32h7xx_hal_sd.o
    0x08003bb8   0x08003bb8   0x000000e4   Code   RO         3422    i.SD_SendSDStatus   stm32h7xx_hal_sd.o
    0x08003c9c   0x08003c9c   0x00000020   Code   RO          313    i.SD_initialize     sd_diskio.o
    0x08003cbc   0x08003cbc   0x00000058   Code   RO          314    i.SD_ioctl          sd_diskio.o
    0x08003d14   0x08003d14   0x00000026   Code   RO          315    i.SD_read           sd_diskio.o
    0x08003d3a   0x08003d3a   0x00000004   Code   RO          316    i.SD_status         sd_diskio.o
    0x08003d3e   0x08003d3e   0x00000002   PAD
    0x08003d40   0x08003d40   0x00000026   Code   RO          317    i.SD_write          sd_diskio.o
    0x08003d66   0x08003d66   0x00000002   Code   RO          433    i.SVC_Handler       stm32h7xx_it.o
    0x08003d68   0x08003d68   0x00000004   Code   RO          434    i.SysTick_Handler   stm32h7xx_it.o
    0x08003d6c   0x08003d6c   0x000000b0   Code   RO          375    i.SystemClock_Config  main.o
    0x08003e1c   0x08003e1c   0x00000100   Code   RO         4209    i.SystemInit        system_stm32h7xx_dualcore_boot_cm4_cm7.o
    0x08003f1c   0x08003f1c   0x00000064   Code   RO         4125    i.UARTEx_SetNbDataToProcess  stm32h7xx_hal_uart_ex.o
    0x08003f80   0x08003f80   0x000000c8   Code   RO         3755    i.UART_AdvFeatureConfig  stm32h7xx_hal_uart.o
    0x08004048   0x08004048   0x0000005e   Code   RO         3756    i.UART_CheckIdleState  stm32h7xx_hal_uart.o
    0x080040a6   0x080040a6   0x00000002   PAD
    0x080040a8   0x080040a8   0x000003b0   Code   RO         3773    i.UART_SetConfig    stm32h7xx_hal_uart.o
    0x08004458   0x08004458   0x000000a4   Code   RO         3778    i.UART_WaitOnFlagUntilTimeout  stm32h7xx_hal_uart.o
    0x080044fc   0x080044fc   0x00000002   Code   RO          435    i.UsageFault_Handler  stm32h7xx_it.o
    0x080044fe   0x080044fe   0x00000022   Code   RO          569    i.__NVIC_SetPriority  stm32h7xx_hal_cortex.o
    0x08004520   0x08004520   0x00000070   Code   RO         4300    i.check_fs          ff.o
    0x08004590   0x08004590   0x0000005c   Code   RO         4301    i.chk_lock          ff.o
    0x080045ec   0x080045ec   0x00000020   Code   RO         4302    i.clear_lock        ff.o
    0x0800460c   0x0800460c   0x00000024   Code   RO         4303    i.clmt_clust        ff.o
    0x08004630   0x08004630   0x00000018   Code   RO         4304    i.clust2sect        ff.o
    0x08004648   0x08004648   0x000000a6   Code   RO         4305    i.create_chain      ff.o
    0x080046ee   0x080046ee   0x00000002   PAD
    0x080046f0   0x080046f0   0x000000bc   Code   RO         4306    i.create_name       ff.o
    0x080047ac   0x080047ac   0x00000034   Code   RO         4307    i.dec_lock          ff.o
    0x080047e0   0x080047e0   0x00000066   Code   RO         4308    i.dir_find          ff.o
    0x08004846   0x08004846   0x00000002   PAD
    0x08004848   0x08004848   0x000000f4   Code   RO         4309    i.dir_next          ff.o
    0x0800493c   0x0800493c   0x00000066   Code   RO         4311    i.dir_register      ff.o
    0x080049a2   0x080049a2   0x00000082   Code   RO         4313    i.dir_sdi           ff.o
    0x08004a24   0x08004a24   0x00000028   Code   RO         4245    i.disk_initialize   diskio.o
    0x08004a4c   0x08004a4c   0x00000018   Code   RO         4246    i.disk_ioctl        diskio.o
    0x08004a64   0x08004a64   0x0000001c   Code   RO         4247    i.disk_read         diskio.o
    0x08004a80   0x08004a80   0x00000014   Code   RO         4248    i.disk_status       diskio.o
    0x08004a94   0x08004a94   0x0000001c   Code   RO         4249    i.disk_write        diskio.o
    0x08004ab0   0x08004ab0   0x00000028   Code   RO         4314    i.f_close           ff.o
    0x08004ad8   0x08004ad8   0x00000058   Code   RO         4321    i.f_mount           ff.o
    0x08004b30   0x08004b30   0x00000210   Code   RO         4322    i.f_open            ff.o
    0x08004d40   0x08004d40   0x0000008e   Code   RO         4331    i.f_sync            ff.o
    0x08004dce   0x08004dce   0x0000018c   Code   RO         4334    i.f_write           ff.o
    0x08004f5a   0x08004f5a   0x00000002   PAD
    0x08004f5c   0x08004f5c   0x00000258   Code   RO         4335    i.find_volume       ff.o
    0x080051b4   0x080051b4   0x00000074   Code   RO         4336    i.follow_path       ff.o
    0x08005228   0x08005228   0x000000be   Code   RO         4337    i.get_fat           ff.o
    0x080052e6   0x080052e6   0x00000004   Code   RO           14    i.get_fattime       fatfs.o
    0x080052ea   0x080052ea   0x0000003c   Code   RO         4339    i.get_ldnumber      ff.o
    0x08005326   0x08005326   0x00000002   PAD
    0x08005328   0x08005328   0x00000080   Code   RO         4340    i.inc_lock          ff.o
    0x080053a8   0x080053a8   0x00000026   Code   RO         4341    i.ld_clust          ff.o
    0x080053ce   0x080053ce   0x00000016   Code   RO         4342    i.ld_dword          ff.o
    0x080053e4   0x080053e4   0x0000000a   Code   RO         4343    i.ld_word           ff.o
    0x080053ee   0x080053ee   0x00000002   PAD
    0x080053f0   0x080053f0   0x00000104   Code   RO          376    i.main              main.o
    0x080054f4   0x080054f4   0x00000012   Code   RO         4344    i.mem_cpy           ff.o
    0x08005506   0x08005506   0x00000002   PAD
    0x08005508   0x08005508   0x0000000e   Code   RO         4345    i.mem_set           ff.o
    0x08005516   0x08005516   0x00000032   Code   RO         4346    i.move_window       ff.o
    0x08005548   0x08005548   0x000000f0   Code   RO         4347    i.put_fat           ff.o
    0x08005638   0x08005638   0x00000074   Code   RO         4350    i.remove_chain      ff.o
    0x080056ac   0x080056ac   0x00000028   Code   RO         4351    i.st_clust          ff.o
    0x080056d4   0x080056d4   0x00000010   Code   RO         4352    i.st_dword          ff.o
    0x080056e4   0x080056e4   0x00000008   Code   RO         4353    i.st_word           ff.o
    0x080056ec   0x080056ec   0x00000088   Code   RO         4354    i.sync_fs           ff.o
    0x08005774   0x08005774   0x00000052   Code   RO         4355    i.sync_window       ff.o
    0x080057c6   0x080057c6   0x00000034   Code   RO         4356    i.validate          ff.o
    0x080057fa   0x080057fa   0x0000000a   Code   RO         4822    x$fpl$fpinit        fz_wv.l(fpinit.o)
    0x08005804   0x08005804   0x00000014   Data   RO          318    .constdata          sd_diskio.o
    0x08005818   0x08005818   0x00000018   Data   RO         3779    .constdata          stm32h7xx_hal_uart.o
    0x08005830   0x08005830   0x00000010   Data   RO         4210    .constdata          system_stm32h7xx_dualcore_boot_cm4_cm7.o
    0x08005840   0x08005840   0x0000009c   Data   RO         4358    .constdata          ff.o
    0x080058dc   0x080058dc   0x00000020   Data   RO         4878    Region$$Table       anon$$obj.o


    Execution Region RW_IRAM1 (Exec base: 0x20000000, Load base: 0x080058fc, Size: 0x00006620, Max: 0x20020000, ABSOLUTE)

    Exec Addr    Load Addr    Size         Type   Attr      Idx    E Section Name        Object

    0x20000000   0x080058fc   0x00000005   Data   RW           17    .data               fatfs.o
    0x20000005   0x08005901   0x00000001   Data   RW          319    .data               sd_diskio.o
    0x20000006   0x08005902   0x00000002   PAD
    0x20000008   0x08005904   0x00000004   Data   RW          379    .data               main.o
    0x2000000c   0x08005908   0x0000000c   Data   RW         2129    .data               stm32h7xx_hal.o
    0x20000018   0x08005914   0x00000008   Data   RW         4211    .data               system_stm32h7xx_dualcore_boot_cm4_cm7.o
    0x20000020   0x0800591c   0x00000008   Data   RW         4359    .data               ff.o
    0x20000028        -       0x00000230   Zero   RW           15    .bss                fatfs.o
    0x20000258        -       0x0000033c   Zero   RW          378    .bss                main.o
    0x20000594        -       0x00000020   Zero   RW         4357    .bss                ff.o
    0x200005b4        -       0x0000000c   Zero   RW         4636    .bss                ff_gen_drv.o
    0x200005c0        -       0x00000060   Zero   RW         4752    .bss                c_w.l(libspace.o)
    0x20000620        -       0x00002000   Zero   RW            2    HEAP                startup_stm32h745xx_cm7.o
    0x20002620        -       0x00004000   Zero   RW            1    STACK               startup_stm32h745xx_cm7.o


==============================================================================

Image component sizes


      Code (inc. data)   RO Data    RW Data    ZI Data      Debug   Object Name

       162         26          0          0          0       4289   bsp_driver_sd.o
       140         26          0          0          0       3881   diskio.o
        32         10          0          5        560    1378916   fatfs.o
      4410         82        156          8         32      39069   ff.o
        70          6          0          0         12       1695   ff_gen_drv.o
       760        132          0          4        828       3661   main.o
       232         14         20          1          0       4828   sd_diskio.o
        64         26        664          0      24576        856   startup_stm32h745xx_cm7.o
       232         44          0         12          0      31324   stm32h7xx_hal.o
       172         12          0          0          0      38326   stm32h7xx_hal_cortex.o
       560         50          0          0          0       2120   stm32h7xx_hal_gpio.o
        52         12          0          0          0       1267   stm32h7xx_hal_hsem.o
       268         36          0          0          0       2482   stm32h7xx_hal_msp.o
       132          4          0          0          0        849   stm32h7xx_hal_pwr_ex.o
      2344        108          0          0          0       7164   stm32h7xx_hal_rcc.o
      4294        170          0          0          0      10467   stm32h7xx_hal_rcc_ex.o
      3272         58          0          0          0      16315   stm32h7xx_hal_sd.o
      1508        108         24          0          0      24626   stm32h7xx_hal_uart.o
       316         18          0          0          0       3833   stm32h7xx_hal_uart_ex.o
        20          0          0          0          0       4298   stm32h7xx_it.o
      1826         72          0          0          0      24935   stm32h7xx_ll_sdmmc.o
       256         40         16          8          0       1706   system_stm32h7xx_dualcore_boot_cm4_cm7.o

    ----------------------------------------------------------------------
     21158       1054        912         40      26008    1606907   Object Totals
         0          0         32          0          0          0   (incl. Generated)
        36          0          0          2          0          0   (incl. Padding)

    ----------------------------------------------------------------------

      Code (inc. data)   RO Data    RW Data    ZI Data      Debug   Library Member Name

         8          0          0          0          0         68   __main.o
         0          0          0          0          0          0   __rtentry.o
        12          0          0          0          0          0   __rtentry2.o
         6          0          0          0          0          0   __rtentry4.o
        52          8          0          0          0          0   __scatter.o
        26          0          0          0          0          0   __scatter_copy.o
        28          0          0          0          0          0   __scatter_zi.o
        18          0          0          0          0         80   exit.o
         6          0          0          0          0        152   heapauxi.o
         0          0          0          0          0          0   indicate_semi.o
         2          0          0          0          0          0   libinit.o
         6          0          0          0          0          0   libinit2.o
         2          0          0          0          0          0   libshutdown.o
         2          0          0          0          0          0   libshutdown2.o
         8          4          0          0         96         68   libspace.o
       238          0          0          0          0        100   lludivv7m.o
        78          0          0          0          0         80   rt_memclr_w.o
       100          0          0          0          0         80   rt_memcpy_w.o
         2          0          0          0          0          0   rtexit.o
        10          0          0          0          0          0   rtexit2.o
        12          4          0          0          0         68   sys_exit.o
        74          0          0          0          0         80   sys_stackheap_outer.o
         2          0          0          0          0         68   use_no_semi.o
        10          0          0          0          0        116   fpinit.o

    ----------------------------------------------------------------------
       710         16          0          0         96        960   Library Totals
         8          0          0          0          0          0   (incl. Padding)

    ----------------------------------------------------------------------

      Code (inc. data)   RO Data    RW Data    ZI Data      Debug   Library Name

       692         16          0          0         96        844   c_w.l
        10          0          0          0          0        116   fz_wv.l

    ----------------------------------------------------------------------
       710         16          0          0         96        960   Library Totals

    ----------------------------------------------------------------------

==============================================================================


      Code (inc. data)   RO Data    RW Data    ZI Data      Debug   

     21868       1070        912         40      26104    1592955   Grand Totals
     21868       1070        912         40      26104    1592955   ELF Image Totals
     21868       1070        912         40          0          0   ROM Totals

==============================================================================

    Total RO  Size (Code + RO Data)                22780 (  22.25kB)
    Total RW  Size (RW Data + ZI Data)             26144 (  25.53kB)
    Total ROM Size (Code + RO Data + RW Data)      22820 (  22.29kB)

==============================================================================

