core_cm7.h:2229:22:SCB_EnableICache	4	static,ignoring_inline_asm
core_cm7.h:2281:22:SCB_EnableDCache	24	static,ignoring_inline_asm
core_cm7.h:2427:22:SCB_CleanInvalidateDCache	24	static,ignoring_inline_asm
main.c:82:5:main	72	static
main.c:220:6:SystemClock_Config	312	static
main.c:298:13:MX_ADC3_Init	40	static
main.c:379:13:MX_SDMMC1_SD_Init	8	static
main.c:411:13:MX_USART3_UART_Init	8	static
main.c:457:13:MX_DMA_Init	16	static
main.c:475:13:MX_GPIO_Init	56	static
main.c:504:6:MPU_Config	24	static
main.c:564:6:Error_Handler	4	static
